[reactheme.com/products/wordpress/finbiz/index.html]
[reactheme.com/products/wordpress/finbiz/wp-content/plugins/rt-elements/assets/css/swiper-bundle.min.css]
[backblue.gif]
[fade.gif]
[index.html]
[reactheme.com/products/wordpress/finbiz/wp-content/themes/finbiz/assets/css/bootstrap.min.css]
[reactheme.com/products/wordpress/finbiz/wp-content/themes/finbiz/assets/font/rt-iconsb36e.eot]
[reactheme.com/products/wordpress/finbiz/wp-content/themes/finbiz/assets/fonts/fa-brands-400.eot]
[reactheme.com/products/wordpress/finbiz/wp-content/plugins/elementor/assets/lib/eicons/fonts/eicons1075.eot]
[reactheme.com/products/wordpress/finbiz/wp-content/plugins/elementor/assets/lib/font-awesome/webfonts/fa-solid-900.eot]
[reactheme.com/products/wordpress/finbiz/wp-content/plugins/elementor/assets/lib/font-awesome/webfonts/fa-regular-400.eot]
[reactheme.com/products/wordpress/finbiz/wp-content/plugins/elementor/assets/lib/font-awesome/webfonts/fa-brands-400.eot]
[reactheme.com/products/wordpress/finbiz/wp-content/plugins/revslider/public/assets/fonts/revicons/revicons90c6.eot]
[reactheme.com/products/wordpress/finbiz/wp-content/uploads/elementor/css/custom-frontend-lite.min.css]
[reactheme.com/products/wordpress/finbiz/wp-content/cache/autoptimize/css/autoptimize_single_1aaafc74fa7c87e99d87559aace93c29.css]
[reactheme.com/products/wordpress/finbiz/feed/index.html]
[reactheme.com/products/wordpress/finbiz/wp-content/cache/autoptimize/css/autoptimize_single_e2a224696579812551bc45af1a57c035.css]
[reactheme.com/products/wordpress/finbiz/comments/feed/index.html]
[reactheme.com/products/wordpress/finbiz/wp-includes/js/jquery/jquery-migrate.min.js]
[reactheme.com/products/wordpress/finbiz/wp-content/cache/autoptimize/js/autoptimize_single_6eb8f7103c52ec9dd340141739bfe964.js]
[reactheme.com/products/wordpress/finbiz/wp-content/cache/autoptimize/js/autoptimize_single_cc732f8226340e68792275391ce3f467.js]
[reactheme.com/products/wordpress/finbiz/wp-includes/js/jquery/jquery.min.js]
[reactheme.com/products/wordpress/finbiz/wp-content/plugins/rt-elements/assets/js/swiper-bundle.min.js]
[reactheme.com/products/wordpress/finbiz/wp-content/themes/finbiz/assets/js/swiper-bundle.min.js]
[reactheme.com/products/wordpress/finbiz/wp-json/index.html]
[reactheme.com/products/wordpress/finbiz/wp-json/wp/v2/pages/32.json]
[reactheme.com/products/wordpress/finbiz/xmlrpc0db0.php]
[reactheme.com/products/wordpress/finbiz/wp-includes/wlwmanifest.xml]
[reactheme.com/products/wordpress/finbiz/wp-json/oembed/1.0/embedb930.json]
[reactheme.com/products/wordpress/finbiz/wp-json/oembed/1.0/embed3a90]
[reactheme.com/products/wordpress/finbiz/wp-content/uploads/2022/10/fav.png]
[reactheme.com/products/wordpress/finbiz/error-page]
[reactheme.com/products/wordpress/finbiz/wp-content/uploads/2022/10/logo-1.svg]
[reactheme.com/products/wordpress/finbiz/marketing-home/index.html]
[reactheme.com/products/wordpress/finbiz/insurance-home/index.html]
[reactheme.com/products/wordpress/finbiz/wp-content/uploads/elementor/css/custom-widget-icon-list.minb6f0.css]
[reactheme.com/products/wordpress/finbiz/home-two/index.html]
[reactheme.com/products/wordpress/finbiz/home-three/index.html]
[reactheme.com/products/wordpress/finbiz/wp-content/uploads/2022/10/p-2-150x150.jpg]
[reactheme.com/products/wordpress/finbiz/finance-home/index.html]
[reactheme.com/products/wordpress/finbiz/consulting-one-page/index.html]
[reactheme.com/products/wordpress/finbiz/main-home-one-page/index.html]
[reactheme.com/products/wordpress/finbiz/wp-content/uploads/2022/10/p-7-150x150.jpg]
[reactheme.com/products/wordpress/finbiz/corporate-one-page/index.html]
[reactheme.com/products/wordpress/finbiz/wp-content/uploads/2022/10/p-4-150x150.jpg]
[reactheme.com/products/wordpress/finbiz/insurance-one-page/index.html]
[reactheme.com/products/wordpress/finbiz/marketing-home-2/index.html]
[reactheme.com/products/wordpress/finbiz/about-us/index.html]
[reactheme.com/products/wordpress/finbiz/wp-content/uploads/2022/10/p-5-150x150.jpg]
[reactheme.com/products/wordpress/finbiz/finance-home-onepage/index.html]
[reactheme.com/products/wordpress/finbiz/wp-content/uploads/2022/10/p-9-150x150.jpg]
[reactheme.com/products/wordpress/finbiz/our-services/index.html]
[reactheme.com/products/wordpress/finbiz/our-services/services-style-1-2/index.html]
[reactheme.com/products/wordpress/finbiz/our-services/services-style-2/index.html]
[reactheme.com/products/wordpress/finbiz/our-services/services-slider/index.html]
[reactheme.com/products/wordpress/finbiz/wp-content/uploads/2022/10/p-8-150x150.jpg]
[reactheme.com/products/wordpress/finbiz/business-planning/index.html]
[reactheme.com/products/wordpress/finbiz/price-plans/index.html]
[reactheme.com/products/wordpress/finbiz/appointment/index.html]
[reactheme.com/products/wordpress/finbiz/wp-content/plugins/revslider/public/assets/assets/dummy.png]
[reactheme.com/products/wordpress/finbiz/our-services/services-style-1/index.html]
[reactheme.com/products/wordpress/finbiz/wp-content/uploads/2022/11/01-1.png]
[reactheme.com/products/wordpress/finbiz/testimonial-style-1/index.html]
[reactheme.com/products/wordpress/finbiz/portfolio-2/index.html]
[reactheme.com/products/wordpress/finbiz/wp-content/uploads/2022/11/02-1.webp]
[reactheme.com/products/wordpress/finbiz/portfolio/index.html]
[reactheme.com/products/wordpress/finbiz/wp-content/uploads/2022/10/sm-01.png]
[reactheme.com/products/wordpress/finbiz/portfolio-style-3/index.html]
[reactheme.com/products/wordpress/finbiz/wp-content/uploads/2022/10/about-01.webp]
[reactheme.com/products/wordpress/finbiz/portfolio-style-4/index.html]
[reactheme.com/products/wordpress/finbiz/portfolio-style-5/index.html]
[reactheme.com/products/wordpress/finbiz/rt-portfolios/digital-startup-agency/index.html]
[reactheme.com/products/wordpress/finbiz/wp-content/uploads/2022/10/about-02.webp]
[reactheme.com/products/wordpress/finbiz/team/index.html]
[reactheme.com/products/wordpress/finbiz/team-style-3/index.html]
[reactheme.com/products/wordpress/finbiz/team-style-2/index.html]
[reactheme.com/products/wordpress/finbiz/wp-content/uploads/2022/10/02.svg]
[reactheme.com/products/wordpress/finbiz/team-style-4/index.html]
[reactheme.com/products/wordpress/finbiz/wp-content/uploads/2022/10/03.svg]
[reactheme.com/products/wordpress/finbiz/team-style-5/index.html]
[reactheme.com/products/wordpress/finbiz/wp-content/uploads/2022/10/01.svg]
[reactheme.com/products/wordpress/finbiz/teams/archer-graham/index.html]
[reactheme.com/products/wordpress/finbiz/blog-grid/index.html]
[reactheme.com/products/wordpress/finbiz/blog/index.html]
[reactheme.com/products/wordpress/finbiz/wp-content/uploads/2022/10/04.svg]
[reactheme.com/products/wordpress/finbiz/wp-content/uploads/2022/10/05.svg]
[reactheme.com/products/wordpress/finbiz/profitable-business-makes-your-profit/index.html]
[reactheme.com/products/wordpress/finbiz/wp-content/uploads/2022/10/06.svg]
[reactheme.com/products/wordpress/finbiz/wp-content/uploads/2022/10/goal.jpg]
[reactheme.com/products/wordpress/finbiz/wp-content/uploads/2022/10/goal-animation.jpg]
[reactheme.com/products/wordpress/finbiz/contact/index.html]
[reactheme.com/products/wordpress/finbiz/wp-content/uploads/elementor/css/custom-widget-icon-box.min306e.css]
[reactheme.com/products/wordpress/finbiz/wp-content/uploads/2022/10/counter-1.svg]
[reactheme.com/products/wordpress/finbiz/wp-content/uploads/2022/10/counter-2.svg]
[reactheme.com/products/wordpress/finbiz/wp-content/uploads/2022/10/counter-3.svg]
[reactheme.com/products/wordpress/finbiz/wp-content/uploads/2022/10/counter-4.svg]
[reactheme.com/products/wordpress/finbiz/wp-content/uploads/2022/10/p-1-740x550.jpg]
[reactheme.com/products/wordpress/finbiz/wp-content/uploads/2022/10/shape.svg]
[reactheme.com/products/wordpress/finbiz/wp-content/uploads/2022/10/1.svg]
[reactheme.com/products/wordpress/finbiz/wp-content/uploads/2022/10/p-2-740x550.jpg]
[reactheme.com/products/wordpress/finbiz/wp-content/uploads/2022/10/logo-1.png]
[reactheme.com/products/wordpress/finbiz/wp-content/uploads/2022/10/logo-2.png]
[reactheme.com/products/wordpress/finbiz/wp-content/uploads/2022/10/logo-3.png]
[reactheme.com/products/wordpress/finbiz/wp-content/uploads/2022/10/logo-4.png]
[reactheme.com/products/wordpress/finbiz/wp-content/uploads/2022/10/logo-5.png]
[reactheme.com/products/wordpress/finbiz/wp-content/uploads/2022/10/team-4.jpg]
[reactheme.com/products/wordpress/finbiz/wp-content/uploads/2022/10/team-3.webp]
[reactheme.com/products/wordpress/finbiz/rt-portfolio-category/business-growth/index.html]
[reactheme.com/products/wordpress/finbiz/rt-portfolios/business-growth-check/index.html]
[reactheme.com/products/wordpress/finbiz/wp-content/uploads/2022/10/team-1.webp]
[reactheme.com/products/wordpress/finbiz/teams/alan-dosan/index.html]
[reactheme.com/products/wordpress/finbiz/wp-content/uploads/2022/10/team-2.jpg]
[reactheme.com/products/wordpress/finbiz/wp-content/uploads/2022/10/Picture1.png]
[reactheme.com/products/wordpress/finbiz/wp-content/uploads/2022/10/circle.png]
[reactheme.com/products/wordpress/finbiz/wp-content/uploads/2022/10/testi-1.png]
[reactheme.com/products/wordpress/finbiz/wp-content/uploads/2022/10/test-2.png]
[reactheme.com/products/wordpress/finbiz/wp-content/uploads/2022/10/testi-3.png]
[reactheme.com/products/wordpress/finbiz/teams/amelia-clover/index.html]
[reactheme.com/products/wordpress/finbiz/teams/stive-stikollo/index.html]
[reactheme.com/products/wordpress/finbiz/wp-content/uploads/2022/10/01-1.png]
[reactheme.com/products/wordpress/finbiz/wp-content/uploads/2022/10/02-1.png]
[reactheme.com/products/wordpress/finbiz/wp-content/uploads/2022/11/shape-3.webp]
[reactheme.com/products/wordpress/finbiz/wp-content/uploads/2022/10/blog-lg-1-410x320.jpg]
[reactheme.com/products/wordpress/finbiz/blog-details.53.delayed]
[reactheme.com/products/wordpress/finbiz/wp-content/uploads/2022/10/blog-lg-4-410x320.jpg]
[reactheme.com/products/wordpress/finbiz/wp-content/uploads/2022/10/blog-lg-2-410x320.jpg]
[reactheme.com/products/wordpress/finbiz/profitable-business-makes-your-profit-5/index.html]
[reactheme.com/products/wordpress/finbiz/wp-content/uploads/2022/10/blog-lg-3-410x320.jpg]
[reactheme.com/products/wordpress/finbiz/category/strategy-business/index.html]
[reactheme.com/products/wordpress/finbiz/wp-content/uploads/2022/10/img.jpg]
[reactheme.com/products/wordpress/finbiz/profitable-business-makes-your-profit-4/index.html]
[reactheme.com/products/wordpress/finbiz/profitable-business-makes-your-profit-3/index.html]
[reactheme.com/products/wordpress/finbiz/category/business-solution/index.html]
[reactheme.com/products/wordpress/finbiz/wp-content/uploads/2022/10/shape.png]
[reactheme.com/products/wordpress/finbiz/wp-content/uploads/2022/10/blog-lg-1-150x150.jpg]
[reactheme.com/products/wordpress/finbiz/profitable-business-makes-your-profit-2/index.html]
[reactheme.com/products/wordpress/finbiz/wp-content/uploads/2022/10/blog-lg-4-150x150.jpg]
[reactheme.com/products/wordpress/finbiz/category/marketing-solution/index.html]
[reactheme.com/products/wordpress/finbiz/wp-content/cache/autoptimize/css/autoptimize_single_a988cd63c9f908c9fee8a1143b924386.css]
[reactheme.com/products/wordpress/finbiz/category/corporate-solution/index.html]
[reactheme.com/products/wordpress/finbiz/wp-content/cache/autoptimize/css/autoptimize_single_bcbc4d1fb215bc15cabe46e33517facf.css]
[reactheme.com/products/wordpress/finbiz/investment-strategy/index.html]
[reactheme.com/products/wordpress/finbiz/wp-content/cache/autoptimize/css/autoptimize_single_0530db8361c703beff11a950e7cbc172.css]
[reactheme.com/products/wordpress/finbiz/wp-content/cache/autoptimize/js/autoptimize_single_dc74c9954b1944928eca0172c3b8c6b3.js]
[reactheme.com/products/wordpress/finbiz/financial-advices/index.html]
[reactheme.com/products/wordpress/finbiz/wp-content/cache/autoptimize/js/autoptimize_single_1f9968a7c7a2a02491393fb9d4103dae.js]
[reactheme.com/products/wordpress/finbiz/wp-content/plugins/revslider/public/assets/js/rbtools.min.js]
[reactheme.com/products/wordpress/finbiz/wp-content/cache/autoptimize/js/autoptimize_single_b512d50a2e4e354159cb02c7d9ca9065.js]
[reactheme.com/products/wordpress/finbiz/wp-content/plugins/revslider/public/assets/js/rs6.min.js]
[reactheme.com/products/wordpress/finbiz/wp-includes/js/imagesloaded.min.js]
[reactheme.com/products/wordpress/finbiz/wp-content/cache/autoptimize/js/autoptimize_single_86b0d12f61429d2203e8e8f031f1503e.js]
[reactheme.com/products/wordpress/finbiz/strategy-growth/index.html]
[reactheme.com/products/wordpress/finbiz/wp-content/themes/finbiz/assets/js/modernizr-2.8.3.min.js]
[reactheme.com/products/wordpress/finbiz/wp-content/themes/finbiz/assets/js/bootstrap.min.js]
[reactheme.com/products/wordpress/finbiz/wp-content/themes/finbiz/assets/js/waypoints.min.js]
[reactheme.com/products/wordpress/finbiz/wp-content/themes/finbiz/assets/js/waypoints-sticky.min.js]
[reactheme.com/products/wordpress/finbiz/wp-content/themes/finbiz/assets/js/jquery.counterup.min.js]
[reactheme.com/products/wordpress/finbiz/wp-content/themes/finbiz/assets/js/jquery.magnific-popup.min.js]
[reactheme.com/products/wordpress/finbiz/wp-content/cache/autoptimize/js/autoptimize_single_7a607c677b21dbc691582b6504a9c8de.js]
[reactheme.com/products/wordpress/finbiz/wp-content/cache/autoptimize/js/autoptimize_single_a9df1cfb76ce492afd9d13f3320272fd.js]
[reactheme.com/products/wordpress/finbiz/wp-content/cache/autoptimize/js/autoptimize_single_590f0477b7639414e39293bab8543484.js]
[reactheme.com/products/wordpress/finbiz/wp-content/cache/autoptimize/js/autoptimize_single_61e665f291770a5f3138fe41487e2de9.js]
[reactheme.com/products/wordpress/finbiz/wp-includes/js/wp-embed.min.js]
[reactheme.com/products/wordpress/finbiz/wp-content/cache/autoptimize/js/autoptimize_single_b739d72c47c93702aef206eb58857289.js]
[reactheme.com/products/wordpress/finbiz/wp-content/plugins/elementor/assets/js/webpack.runtime.min.js]
[reactheme.com/products/wordpress/finbiz/wp-content/plugins/elementor/assets/js/frontend-modules.min.js]
[reactheme.com/products/wordpress/finbiz/wp-content/plugins/elementor/assets/lib/waypoints/waypoints.min.js]
[reactheme.com/products/wordpress/finbiz/wp-includes/js/jquery/ui/core.min.js]
[reactheme.com/products/wordpress/finbiz/wp-content/plugins/elementor/assets/js/frontend.min.js]
[reactheme.com/products/wordpress/finbiz/index.html]
[reactheme.com/products/wordpress/finbiz/wp-content/plugins/rt-elements/assets/css/swiper-bundle.min.css]
[reactheme.com/products/wordpress/finbiz/wp-content/themes/finbiz/assets/css/bootstrap.min.css]
[reactheme.com/products/wordpress/finbiz/wp-content/uploads/elementor/css/custom-frontend-lite.min.css]
[reactheme.com/products/wordpress/finbiz/wp-content/cache/autoptimize/css/autoptimize_single_1aaafc74fa7c87e99d87559aace93c29.css]
[reactheme.com/products/wordpress/finbiz/wp-content/uploads/2022/10/bg-01.webp]
[reactheme.com/products/wordpress/finbiz/wp-content/uploads/2022/11/01.webp]
[reactheme.com/products/wordpress/finbiz/wp-content/uploads/2022/10/counter-bg.jpg]
[reactheme.com/products/wordpress/finbiz/wp-content/uploads/2022/11/team-bg.webp]
[reactheme.com/products/wordpress/finbiz/wp-content/cache/autoptimize/css/autoptimize_single_e2a224696579812551bc45af1a57c035.css]
[reactheme.com/products/wordpress/finbiz/wp-content/cache/autoptimize/css/autoptimize_single_89afe669f6178e14a12712243e89238c.css]
[reactheme.com/products/wordpress/finbiz/wp-json/wp/v2/pages/1801.json]
[reactheme.com/products/wordpress/finbiz/wp-json/oembed/1.0/embed281b.json]
[reactheme.com/products/wordpress/finbiz/index40a0.html]
[reactheme.com/products/wordpress/finbiz/wp-json/oembed/1.0/embed9687]
[reactheme.com/products/wordpress/finbiz/wp-content/uploads/2022/10/logo-2.svg]
[reactheme.com/products/wordpress/finbiz/wp-content/uploads/2022/10/service-1.jpg]
[reactheme.com/products/wordpress/finbiz/wp-content/uploads/2022/10/01-3.svg]
[reactheme.com/products/wordpress/finbiz/wp-content/uploads/2022/10/11.jpg]
[reactheme.com/products/wordpress/finbiz/wp-content/uploads/2022/10/12.jpg]
[reactheme.com/products/wordpress/finbiz/wp-content/uploads/2022/10/13.jpg]
[reactheme.com/products/wordpress/finbiz/wp-content/uploads/2022/10/about-2.png]
[reactheme.com/products/wordpress/finbiz/wp-content/uploads/2022/10/shape-about.png]
[reactheme.com/products/wordpress/finbiz/wp-content/uploads/2022/10/04.png]
[reactheme.com/products/wordpress/finbiz/wp-content/uploads/2022/10/w1.svg]
[reactheme.com/products/wordpress/finbiz/wp-content/uploads/2022/10/02-3.svg]
[reactheme.com/products/wordpress/finbiz/wp-content/uploads/2022/10/03-2.svg]
[reactheme.com/products/wordpress/finbiz/wp-content/uploads/2022/10/04-1.svg]
[reactheme.com/products/wordpress/finbiz/wp-content/uploads/2022/10/02-1.jpg]
[reactheme.com/products/wordpress/finbiz/wp-content/uploads/2022/10/01-3.jpg]
[reactheme.com/products/wordpress/finbiz/wp-content/uploads/2022/10/img.png]
[reactheme.com/products/wordpress/finbiz/wp-content/uploads/2022/10/shape-1-2.png]
[reactheme.com/products/wordpress/finbiz/wp-content/uploads/2022/10/p-1-400x500.jpg]
[reactheme.com/products/wordpress/finbiz/wp-content/uploads/2022/10/shape-2.png]
[reactheme.com/products/wordpress/finbiz/wp-content/uploads/2022/10/p-2-400x500.jpg]
[reactheme.com/products/wordpress/finbiz/wp-content/uploads/2022/10/p-4-400x500.jpg]
[reactheme.com/products/wordpress/finbiz/wp-content/uploads/2022/10/p-9-400x500.jpg]
[reactheme.com/products/wordpress/finbiz/wp-content/uploads/2022/10/p-5-400x500.jpg]
[reactheme.com/products/wordpress/finbiz/wp-content/uploads/2022/10/p-6-400x500.jpg]
[reactheme.com/products/wordpress/finbiz/rt-portfolios/business-growth-check-3/index.html]
[reactheme.com/products/wordpress/finbiz/rt-portfolio-category/solution/index.html]
[reactheme.com/products/wordpress/finbiz/wp-content/uploads/2022/10/quaote.png]
[reactheme.com/products/wordpress/finbiz/rt-portfolios/strategy-growth-check/index.html]
[reactheme.com/products/wordpress/finbiz/rt-portfolios/business-growth-model/index.html]
[reactheme.com/products/wordpress/finbiz/wp-content/uploads/2022/10/logo-03.png]
[reactheme.com/products/wordpress/finbiz/wp-content/uploads/2022/10/logo-02.png]
[reactheme.com/products/wordpress/finbiz/wp-content/uploads/2022/10/logo-01.png]
[reactheme.com/products/wordpress/finbiz/wp-content/uploads/2022/10/blog-lg-3.jpg]
[reactheme.com/products/wordpress/finbiz/rt-portfolio-category/marketing/index.html]
[reactheme.com/products/wordpress/finbiz/home-two/blog-details.9c.delayed]
[reactheme.com/products/wordpress/finbiz/wp-content/uploads/2022/10/blog-lg-4.jpg]
[reactheme.com/products/wordpress/finbiz/wp-content/plugins/revslider/public/assets/fonts/revicons/revicons90c6.woff]
[reactheme.com/products/wordpress/finbiz/rt-portfolios/marketing-solution/index.html]
[reactheme.com/products/wordpress/finbiz/wp-content/cache/autoptimize/css/autoptimize_single_723980a82f0090cff13601debe3ac5b4.css]
[reactheme.com/products/wordpress/finbiz/wp-content/cache/autoptimize/css/autoptimize_single_d9bae5b57414a94a8868df29cfdcfa51.css]
[reactheme.com/products/wordpress/finbiz/wp-content/cache/autoptimize/css/autoptimize_single_a57d780177916e8be620492eb2dac6fb.css]
[reactheme.com/products/wordpress/finbiz/wp-content/cache/autoptimize/css/autoptimize_single_76651197132a35c73f408c51817d947c.css]
[reactheme.com/products/wordpress/finbiz/home-two/index.html]
[reactheme.com/products/wordpress/finbiz/wp-content/cache/autoptimize/css/autoptimize_single_830d0a7d475fc792670330ae4b8f6428.css]
[reactheme.com/products/wordpress/finbiz/wp-json/wp/v2/pages/3169.json]
[reactheme.com/products/wordpress/finbiz/market-research/index.html]
[reactheme.com/products/wordpress/finbiz/tax-strategy/index.html]
[reactheme.com/products/wordpress/finbiz/indexbfec.html]
[reactheme.com/products/wordpress/finbiz/wp-json/oembed/1.0/embed7fac.json]
[reactheme.com/products/wordpress/finbiz/wp-json/oembed/1.0/embed7dab]
[reactheme.com/products/wordpress/finbiz/wp-content/uploads/2022/10/logo-3.svg]
[reactheme.com/products/wordpress/finbiz/wp-content/plugins/revslider/public/assets/js/rbtools.minbe8c.js]
[reactheme.com/products/wordpress/finbiz/wp-content/uploads/2022/10/about-01-sm.jpg]
[reactheme.com/products/wordpress/finbiz/wp-content/uploads/2022/10/05.jpg]
[reactheme.com/products/wordpress/finbiz/wp-content/uploads/2022/10/play-btn.png]
[reactheme.com/products/wordpress/finbiz/wp-content/uploads/2022/11/reviews.png]
[reactheme.com/products/wordpress/finbiz/wp-content/uploads/2022/11/bg-5.png]
[reactheme.com/products/wordpress/finbiz/wp-content/uploads/2022/10/16.svg]
[reactheme.com/products/wordpress/finbiz/wp-content/plugins/revslider/public/assets/js/rs6.minbe8c.js]
[reactheme.com/products/wordpress/finbiz/wp-content/uploads/2022/10/bg-3.jpg]
[reactheme.com/products/wordpress/finbiz/wp-content/uploads/2022/11/17.svg]
[reactheme.com/products/wordpress/finbiz/wp-content/uploads/2022/11/bg-6.png]
[reactheme.com/products/wordpress/finbiz/wp-content/uploads/2022/11/18.svg]
[reactheme.com/products/wordpress/finbiz/wp-content/uploads/2022/10/service-bg.png]
[reactheme.com/products/wordpress/finbiz/wp-content/uploads/2022/10/icon-1.png]
[reactheme.com/products/wordpress/finbiz/wp-content/uploads/2022/10/icon-2.png]
[reactheme.com/products/wordpress/finbiz/wp-content/uploads/2022/10/p-1-540x570.jpg]
[reactheme.com/products/wordpress/finbiz/wp-content/uploads/2022/10/p-wrap.png]
[reactheme.com/products/wordpress/finbiz/wp-content/uploads/2022/10/p-2-540x570.jpg]
[reactheme.com/products/wordpress/finbiz/wp-content/uploads/2022/10/p-4-540x570.jpg]
[reactheme.com/products/wordpress/finbiz/wp-content/uploads/2022/10/p-9-540x570.jpg]
[reactheme.com/products/wordpress/finbiz/wp-content/uploads/2022/10/05-1.svg]
[reactheme.com/products/wordpress/finbiz/wp-content/uploads/2022/10/08.svg]
[reactheme.com/products/wordpress/finbiz/wp-content/uploads/2022/10/07.svg]
[reactheme.com/products/wordpress/finbiz/wp-content/uploads/2022/10/02.webp]
[reactheme.com/products/wordpress/finbiz/wp-content/uploads/2022/10/blog-lg-1-350x300.jpg]
[reactheme.com/products/wordpress/finbiz/wp-content/uploads/2022/10/blog-lg-4-350x300.jpg]
[reactheme.com/products/wordpress/finbiz/wp-content/uploads/2022/10/blog-lg-2-350x300.jpg]
[reactheme.com/products/wordpress/finbiz/wp-content/uploads/2022/10/p-9.jpg]
[reactheme.com/products/wordpress/finbiz/wp-content/uploads/2022/10/p-9-300x300.jpg]
[reactheme.com/products/wordpress/finbiz/wp-content/uploads/2022/10/p-8.jpg]
[reactheme.com/products/wordpress/finbiz/wp-content/uploads/2022/10/p-8-300x300.jpg]
[reactheme.com/products/wordpress/finbiz/wp-content/uploads/2022/10/p-7.jpg]
[reactheme.com/products/wordpress/finbiz/wp-content/uploads/2022/10/p-7-300x300.jpg]
[reactheme.com/products/wordpress/finbiz/wp-content/uploads/2022/10/p-6.jpg]
[reactheme.com/products/wordpress/finbiz/wp-content/uploads/2022/10/p-6-300x300.jpg]
[reactheme.com/products/wordpress/finbiz/wp-content/uploads/2022/10/p-5.jpg]
[reactheme.com/products/wordpress/finbiz/wp-content/uploads/2022/10/p-5-300x300.jpg]
[reactheme.com/products/wordpress/finbiz/wp-content/uploads/2022/10/p-4.jpg]
[reactheme.com/products/wordpress/finbiz/wp-content/uploads/2022/10/p-4-300x300.jpg]
[reactheme.com/products/wordpress/finbiz/wp-content/cache/autoptimize/css/autoptimize_single_03b8c0ea69d750ed88d09a49443af573.css]
[reactheme.com/products/wordpress/finbiz/wp-content/cache/autoptimize/css/autoptimize_single_3a9cf594db45c5da5996f3b2a848e1ed.css]
[reactheme.com/products/wordpress/finbiz/wp-content/cache/autoptimize/css/autoptimize_single_33491127012aa54b630fc9063391ba73.css]
[reactheme.com/products/wordpress/finbiz/wp-content/cache/autoptimize/css/autoptimize_single_ed7942ea29767259372ab7e1c5bf1921.css]
[reactheme.com/products/wordpress/finbiz/home-three/index.html]
[reactheme.com/products/wordpress/finbiz/wp-content/cache/autoptimize/css/autoptimize_single_3e10a88cc6a9201709c89b2f61a0f29c.css]
[reactheme.com/products/wordpress/finbiz/wp-json/wp/v2/pages/7096.json]
[reactheme.com/products/wordpress/finbiz/wp-json/oembed/1.0/embed36df.json]
[reactheme.com/products/wordpress/finbiz/indexe9a7.html]
[reactheme.com/products/wordpress/finbiz/wp-json/oembed/1.0/embed96c5]
[reactheme.com/products/wordpress/finbiz/wp-content/uploads/2022/11/logo-5.svg]
[reactheme.com/products/wordpress/finbiz/wp-content/uploads/2022/11/14.jpg]
[reactheme.com/products/wordpress/finbiz/wp-content/uploads/2022/11/15.jpg]
[reactheme.com/products/wordpress/finbiz/wp-content/uploads/2022/11/16.jpg]
[reactheme.com/products/wordpress/finbiz/wp-content/uploads/2022/11/02.jpg]
[reactheme.com/products/wordpress/finbiz/wp-content/uploads/2022/11/02-2.webp]
[reactheme.com/products/wordpress/finbiz/wp-content/uploads/2022/11/logo-5.1.svg]
[reactheme.com/products/wordpress/finbiz/wp-content/cache/autoptimize/css/autoptimize_single_8e28e34bd546ab8e50b683251857371e.css]
[reactheme.com/products/wordpress/finbiz/wp-content/cache/autoptimize/css/autoptimize_single_d79eaf17938da664a48afe0818cb8668.css]
[reactheme.com/products/wordpress/finbiz/insurance-home/index.html]
[reactheme.com/products/wordpress/finbiz/wp-content/cache/autoptimize/css/autoptimize_single_af5775a5e76618011627bbcbec0f9714.css]
[reactheme.com/products/wordpress/finbiz/wp-json/wp/v2/pages/7356.json]
[reactheme.com/products/wordpress/finbiz/wp-json/oembed/1.0/embed72b3.json]
[reactheme.com/products/wordpress/finbiz/index5b86.html]
[reactheme.com/products/wordpress/finbiz/wp-json/oembed/1.0/embed442c]
[reactheme.com/products/wordpress/finbiz/wp-content/uploads/2022/11/service-logo1.svg]
[reactheme.com/products/wordpress/finbiz/wp-content/uploads/2022/11/service-logo2.svg]
[reactheme.com/products/wordpress/finbiz/wp-content/uploads/2022/11/service-logo3.svg]
[reactheme.com/products/wordpress/finbiz/wp-content/uploads/2022/11/setting.png]
[reactheme.com/products/wordpress/finbiz/wp-content/uploads/2022/11/bag.png]
[reactheme.com/products/wordpress/finbiz/wp-content/uploads/2022/11/03.jpg]
[reactheme.com/products/wordpress/finbiz/wp-content/uploads/2022/11/line.png]
[reactheme.com/products/wordpress/finbiz/wp-content/uploads/2022/11/characters.webp]
[reactheme.com/products/wordpress/finbiz/wp-content/uploads/2022/11/09.svg]
[reactheme.com/products/wordpress/finbiz/wp-content/uploads/2022/11/10.svg]
[reactheme.com/products/wordpress/finbiz/wp-content/uploads/2022/11/11.svg]
[reactheme.com/products/wordpress/finbiz/wp-content/uploads/2022/11/12.svg]
[reactheme.com/products/wordpress/finbiz/wp-content/uploads/2022/10/blog-lg-1.jpg]
[reactheme.com/products/wordpress/finbiz/wp-content/cache/autoptimize/css/autoptimize_single_f5d9ed19fb4e94a7c00b08a28ac503f9.css]
[reactheme.com/products/wordpress/finbiz/wp-content/cache/autoptimize/css/autoptimize_single_0ed3bed5fd7ebe94b70b2f7bb0b3a4af.css]
[reactheme.com/products/wordpress/finbiz/marketing-home/index.html]
[reactheme.com/products/wordpress/finbiz/wp-content/cache/autoptimize/css/autoptimize_single_ad02034dc252adfe1a7126ed0e775d08.css]
[reactheme.com/products/wordpress/finbiz/wp-json/wp/v2/pages/7801.json]
[reactheme.com/products/wordpress/finbiz/wp-json/oembed/1.0/embed40da.json]
[reactheme.com/products/wordpress/finbiz/index2396.html]
[reactheme.com/products/wordpress/finbiz/wp-json/oembed/1.0/embedb235]
[reactheme.com/products/wordpress/finbiz/wp-content/uploads/2022/12/19.svg]
[reactheme.com/products/wordpress/finbiz/wp-content/uploads/2022/12/20.svg]
[reactheme.com/products/wordpress/finbiz/wp-content/uploads/2022/12/21.svg]
[reactheme.com/products/wordpress/finbiz/wp-content/uploads/2022/12/06.jpg]
[reactheme.com/products/wordpress/finbiz/wp-content/uploads/2022/12/about-02-sm.jpg]
[reactheme.com/products/wordpress/finbiz/wp-content/uploads/2022/12/pie-2.svg]
[reactheme.com/products/wordpress/finbiz/wp-content/uploads/2022/12/pie-1.svg]
[reactheme.com/products/wordpress/finbiz/wp-content/uploads/2022/12/pie-3.svg]
[reactheme.com/products/wordpress/finbiz/wp-content/uploads/2022/12/04.jpg]
[reactheme.com/products/wordpress/finbiz/wp-content/uploads/2022/12/09.svg]
[reactheme.com/products/wordpress/finbiz/wp-content/uploads/2022/12/10.svg]
[reactheme.com/products/wordpress/finbiz/wp-content/uploads/2022/12/11.svg]
[reactheme.com/products/wordpress/finbiz/wp-content/uploads/2022/12/12.svg]
[reactheme.com/products/wordpress/finbiz/wp-content/uploads/2022/12/03.png]
[reactheme.com/products/wordpress/finbiz/finance-home/blog-details.html]
[reactheme.com/products/wordpress/finbiz/wp-content/cache/autoptimize/css/autoptimize_single_ba6622c7a3778be3f45ce4d92e2ad406.css]
[reactheme.com/products/wordpress/finbiz/finance-home/index.html]
[reactheme.com/products/wordpress/finbiz/wp-content/cache/autoptimize/css/autoptimize_single_a559b59bea14e117e44bcd2bdf094f71.css]
[reactheme.com/products/wordpress/finbiz/wp-json/wp/v2/pages/6647.json]
[reactheme.com/products/wordpress/finbiz/indexa724.html]
[reactheme.com/products/wordpress/finbiz/wp-json/oembed/1.0/embed784c.json]
[reactheme.com/products/wordpress/finbiz/wp-json/oembed/1.0/embed96de]
[reactheme.com/products/wordpress/finbiz/main-home-one-page/blog-details.html]
[reactheme.com/products/wordpress/finbiz/wp-content/cache/autoptimize/css/autoptimize_single_80af65668f851c0866ad6b579c4025c4.css]
[reactheme.com/products/wordpress/finbiz/wp-content/themes/finbiz/assets/js/jquery.easing.min.js]
[reactheme.com/products/wordpress/finbiz/wp-content/cache/autoptimize/js/autoptimize_single_3ef4fede9bc6a6537e8dbb1a4183d562.js]
[reactheme.com/products/wordpress/finbiz/main-home-one-page/index.html]
[reactheme.com/products/wordpress/finbiz/wp-content/cache/autoptimize/css/autoptimize_single_53d57343edbcd7adb30ca8c37453d602.css]
[reactheme.com/products/wordpress/finbiz/wp-json/wp/v2/pages/6793.json]
[reactheme.com/products/wordpress/finbiz/wp-json/oembed/1.0/embed4eb3.json]
[reactheme.com/products/wordpress/finbiz/index23e1.html]
[reactheme.com/products/wordpress/finbiz/wp-json/oembed/1.0/embeda807]
[reactheme.com/products/wordpress/finbiz/consulting-one-page/blog-details.html]
[reactheme.com/products/wordpress/finbiz/wp-content/cache/autoptimize/css/autoptimize_single_e5b871a28c135ebcb0674bbc56d56427.css]
[reactheme.com/products/wordpress/finbiz/consulting-one-page/index.html]
[reactheme.com/products/wordpress/finbiz/wp-content/cache/autoptimize/css/autoptimize_single_84e447fd0936385af60f6f0a9d67ff0b.css]
[reactheme.com/products/wordpress/finbiz/wp-json/wp/v2/pages/6802.json]
[reactheme.com/products/wordpress/finbiz/indexceb0.html]
[reactheme.com/products/wordpress/finbiz/wp-json/oembed/1.0/embed591c.json]
[reactheme.com/products/wordpress/finbiz/wp-json/oembed/1.0/embed2548]
[reactheme.com/products/wordpress/finbiz/wp-content/cache/autoptimize/css/autoptimize_single_5c20fe80000c0aee5eb6dfe7ec6d297b.css]
[reactheme.com/products/wordpress/finbiz/corporate-one-page/index.html]
[reactheme.com/products/wordpress/finbiz/wp-content/cache/autoptimize/css/autoptimize_single_4f4d7f1cba640569fa9039def8cf6fab.css]
[reactheme.com/products/wordpress/finbiz/wp-json/wp/v2/pages/7316.json]
[reactheme.com/products/wordpress/finbiz/wp-json/oembed/1.0/embed4276.json]
[reactheme.com/products/wordpress/finbiz/indexf7c9.html]
[reactheme.com/products/wordpress/finbiz/wp-json/oembed/1.0/embed39cf]
[reactheme.com/products/wordpress/finbiz/wp-content/plugins/elementor/assets/images/placeholder.png]
[reactheme.com/products/wordpress/finbiz/wp-content/cache/autoptimize/css/autoptimize_single_fee651e9be76a55b9adadb35c00e2fad.css]
[reactheme.com/products/wordpress/finbiz/insurance-one-page/index.html]
[reactheme.com/products/wordpress/finbiz/wp-content/cache/autoptimize/css/autoptimize_single_5196ad516483ada923581f4ac42cd696.css]
[reactheme.com/products/wordpress/finbiz/wp-json/wp/v2/pages/7747.json]
[reactheme.com/products/wordpress/finbiz/wp-json/oembed/1.0/embed3bd2.json]
[reactheme.com/products/wordpress/finbiz/index58b8.html]
[reactheme.com/products/wordpress/finbiz/wp-json/oembed/1.0/embed6292]
[reactheme.com/products/wordpress/finbiz/wp-content/cache/autoptimize/css/autoptimize_single_e36af8fa0f0aa8870c64018146d690ae.css]
[reactheme.com/products/wordpress/finbiz/marketing-home-2/index.html]
[reactheme.com/products/wordpress/finbiz/wp-content/cache/autoptimize/css/autoptimize_single_4b347e75607134bda04ef80464500684.css]
[reactheme.com/products/wordpress/finbiz/wp-json/wp/v2/pages/8199.json]
[reactheme.com/products/wordpress/finbiz/wp-json/oembed/1.0/embed20ab.json]
[reactheme.com/products/wordpress/finbiz/index5e18.html]
[reactheme.com/products/wordpress/finbiz/wp-json/oembed/1.0/embed51b4]
[reactheme.com/products/wordpress/finbiz/finance-home-onepage/blog-details.html]
[reactheme.com/products/wordpress/finbiz/wp-content/cache/autoptimize/css/autoptimize_single_a43ecbbb8f677e4865d5b4a8c5a4b925.css]
[reactheme.com/products/wordpress/finbiz/finance-home-onepage/index.html]
[reactheme.com/products/wordpress/finbiz/wp-content/cache/autoptimize/css/autoptimize_single_4a69236ea3c53942b6ffbc878a07c886.css]
[reactheme.com/products/wordpress/finbiz/wp-json/wp/v2/pages/35.json]
[reactheme.com/products/wordpress/finbiz/wp-json/oembed/1.0/embed53c1.json]
[reactheme.com/products/wordpress/finbiz/wp-json/oembed/1.0/embed9212]
[reactheme.com/products/wordpress/finbiz/index5c90.html]
[reactheme.com/products/wordpress/finbiz/wp-content/uploads/2022/10/01-1.jpg]
[reactheme.com/products/wordpress/finbiz/wp-content/uploads/2022/11/about-03.jpg]
[reactheme.com/products/wordpress/finbiz/wp-content/uploads/2022/11/about-04.jpg]
[reactheme.com/products/wordpress/finbiz/wp-content/uploads/2022/11/13.svg]
[reactheme.com/products/wordpress/finbiz/wp-content/uploads/2022/11/14.svg]
[reactheme.com/products/wordpress/finbiz/wp-content/uploads/2022/11/15.svg]
[reactheme.com/products/wordpress/finbiz/wp-content/uploads/2022/11/01.png]
[reactheme.com/products/wordpress/finbiz/about-us/index.html]
[reactheme.com/products/wordpress/finbiz/wp-content/cache/autoptimize/css/autoptimize_single_fe52e9e2cb56d0bfbd0c78d8c39602d4.css]
[reactheme.com/products/wordpress/finbiz/wp-json/wp/v2/pages/2878.json]
[reactheme.com/products/wordpress/finbiz/wp-json/oembed/1.0/embedc1e8.json]
[reactheme.com/products/wordpress/finbiz/index998d.html]
[reactheme.com/products/wordpress/finbiz/wp-json/oembed/1.0/embed90cb]
[reactheme.com/products/wordpress/finbiz/wp-content/uploads/2022/10/ser-1.png]
[reactheme.com/products/wordpress/finbiz/wp-content/uploads/2022/10/02-2.jpg]
[reactheme.com/products/wordpress/finbiz/wp-content/uploads/2022/10/bg-3.png]
[reactheme.com/products/wordpress/finbiz/wp-content/uploads/2022/10/manage.png]
[reactheme.com/products/wordpress/finbiz/wp-content/uploads/2022/10/tax.png]
[reactheme.com/products/wordpress/finbiz/wp-content/uploads/2022/10/market.png]
[reactheme.com/products/wordpress/finbiz/our-services/index.html]
[reactheme.com/products/wordpress/finbiz/wp-content/cache/autoptimize/css/autoptimize_single_3956a9661ea11a6ac8c549f9dd625e60.css]
[reactheme.com/products/wordpress/finbiz/wp-json/wp/v2/pages/6657.json]
[reactheme.com/products/wordpress/finbiz/wp-json/oembed/1.0/embeda35e.json]
[reactheme.com/products/wordpress/finbiz/index088c.html]
[reactheme.com/products/wordpress/finbiz/wp-json/oembed/1.0/embedf4a8]
[reactheme.com/products/wordpress/finbiz/our-services/services-style-2/index.html]
[reactheme.com/products/wordpress/finbiz/wp-content/cache/autoptimize/css/autoptimize_single_4690a65b326de28292333cc7a30f6a05.css]
[reactheme.com/products/wordpress/finbiz/wp-json/wp/v2/pages/6678.json]
[reactheme.com/products/wordpress/finbiz/wp-json/oembed/1.0/embed55d6.json]
[reactheme.com/products/wordpress/finbiz/index2a3f.html]
[reactheme.com/products/wordpress/finbiz/wp-json/oembed/1.0/embedcbfa]
[reactheme.com/products/wordpress/finbiz/our-services/services-style-1-2/index.html]
[reactheme.com/products/wordpress/finbiz/wp-content/cache/autoptimize/css/autoptimize_single_b6ea47d949940c3bb4b1eefc229ace50.css]
[reactheme.com/products/wordpress/finbiz/wp-json/wp/v2/pages/6692.json]
[reactheme.com/products/wordpress/finbiz/wp-json/oembed/1.0/embed0724.json]
[reactheme.com/products/wordpress/finbiz/index2301.html]
[reactheme.com/products/wordpress/finbiz/wp-json/oembed/1.0/embede629]
[reactheme.com/products/wordpress/finbiz/our-services/services-slider/index.html]
[reactheme.com/products/wordpress/finbiz/wp-content/cache/autoptimize/css/autoptimize_single_586dfa3980ab069400ef6a8e52c99c38.css]
[reactheme.com/products/wordpress/finbiz/wp-json/wp/v2/pages/2314.json]
[reactheme.com/products/wordpress/finbiz/wp-json/oembed/1.0/embed8772.json]
[reactheme.com/products/wordpress/finbiz/indexe5aa.html]
[reactheme.com/products/wordpress/finbiz/wp-json/oembed/1.0/embedc79c]
[reactheme.com/products/wordpress/finbiz/wp-content/uploads/2022/10/service.jpg]
[reactheme.com/products/wordpress/finbiz/wp-content/uploads/2022/10/09.svg]
[reactheme.com/products/wordpress/finbiz/wp-content/uploads/2022/10/10.svg]
[reactheme.com/products/wordpress/finbiz/wp-content/uploads/2022/10/11.svg]
[reactheme.com/products/wordpress/finbiz/wp-content/uploads/2022/10/12.svg]
[reactheme.com/products/wordpress/finbiz/wp-content/uploads/2022/10/sm-01.jpg]
[reactheme.com/products/wordpress/finbiz/wp-content/uploads/2022/11/logo-2.svg]
[reactheme.com/products/wordpress/finbiz/business-planning/index.html]
[reactheme.com/products/wordpress/finbiz/wp-content/cache/autoptimize/css/autoptimize_single_c0464562e31c832fce14dd039cb23086.css]
[reactheme.com/products/wordpress/finbiz/wp-json/wp/v2/pages/5207.json]
[reactheme.com/products/wordpress/finbiz/wp-json/oembed/1.0/embede85c.json]
[reactheme.com/products/wordpress/finbiz/indexd257.html]
[reactheme.com/products/wordpress/finbiz/wp-json/oembed/1.0/embed7c30]
[reactheme.com/products/wordpress/finbiz/wp-content/uploads/2022/11/02.webp]
[reactheme.com/products/wordpress/finbiz/appointment/index.html]
[reactheme.com/products/wordpress/finbiz/wp-content/cache/autoptimize/css/autoptimize_single_29cba4cd206965beda2c8b3a9ed37915.css]
[reactheme.com/products/wordpress/finbiz/wp-json/wp/v2/pages/4839.json]
[reactheme.com/products/wordpress/finbiz/wp-json/oembed/1.0/embedd5d5.json]
[reactheme.com/products/wordpress/finbiz/index6524.html]
[reactheme.com/products/wordpress/finbiz/wp-json/oembed/1.0/embedf216]
[reactheme.com/products/wordpress/finbiz/wp-content/uploads/2022/11/shape-2.webp]
[reactheme.com/products/wordpress/finbiz/wp-content/uploads/2022/11/price-page.webp]
[reactheme.com/products/wordpress/finbiz/wp-content/cache/autoptimize/css/autoptimize_single_afef249c988a2e770d85ad56fc0dcc16.css]
[reactheme.com/products/wordpress/finbiz/wp-content/cache/autoptimize/css/autoptimize_single_23a70f0b7cba0d7a1ad892e0c417e80b.css]
[reactheme.com/products/wordpress/finbiz/price-plans/index.html]
[reactheme.com/products/wordpress/finbiz/wp-content/cache/autoptimize/css/autoptimize_single_60de224cf22b88d29ff86120a515b688.css]
[reactheme.com/products/wordpress/finbiz/wp-json/wp/v2/pages/6652.json]
[reactheme.com/products/wordpress/finbiz/wp-json/oembed/1.0/embed6348.json]
[reactheme.com/products/wordpress/finbiz/indexf876.html]
[reactheme.com/products/wordpress/finbiz/wp-json/oembed/1.0/embed38e6]
[reactheme.com/products/wordpress/finbiz/our-services/services-style-1/index.html]
[reactheme.com/products/wordpress/finbiz/wp-content/cache/autoptimize/css/autoptimize_single_aeb91560962bfc213d18af9042e29a55.css]
[reactheme.com/products/wordpress/finbiz/wp-json/wp/v2/pages/6713.json]
[reactheme.com/products/wordpress/finbiz/wp-json/oembed/1.0/embed0e1e.json]
[reactheme.com/products/wordpress/finbiz/indexbedf.html]
[reactheme.com/products/wordpress/finbiz/wp-json/oembed/1.0/embed3f2b]
[reactheme.com/products/wordpress/finbiz/testimonial-style-1/index.html]
[reactheme.com/products/wordpress/finbiz/error-page.html]
[reactheme.com/products/wordpress/finbiz/wp-content/cache/autoptimize/css/autoptimize_single_35ad02c22e3a9bd5d5e87e17b14fc505.css]
[reactheme.com/products/wordpress/finbiz/wp-json/wp/v2/pages/5675.json]
[reactheme.com/products/wordpress/finbiz/wp-json/oembed/1.0/embedc630.json]
[reactheme.com/products/wordpress/finbiz/index8d09.html]
[reactheme.com/products/wordpress/finbiz/wp-json/oembed/1.0/embed5619]
[reactheme.com/products/wordpress/finbiz/wp-content/uploads/2022/10/p-1-410x320.jpg]
[reactheme.com/products/wordpress/finbiz/wp-content/uploads/2022/10/p-2-410x320.jpg]
[reactheme.com/products/wordpress/finbiz/wp-content/uploads/2022/10/p-4-410x320.jpg]
[reactheme.com/products/wordpress/finbiz/wp-content/uploads/2022/10/p-9-410x320.jpg]
[reactheme.com/products/wordpress/finbiz/wp-content/uploads/2022/10/p-5-410x320.jpg]
[reactheme.com/products/wordpress/finbiz/wp-content/uploads/2022/10/p-6-410x320.jpg]
[reactheme.com/products/wordpress/finbiz/wp-content/uploads/2022/10/p-8-410x320.jpg]
[reactheme.com/products/wordpress/finbiz/portfolio/index.html]
[reactheme.com/products/wordpress/finbiz/wp-content/cache/autoptimize/css/autoptimize_single_c2922db4a4f526bfb7eb284c1baa7287.css]
[reactheme.com/products/wordpress/finbiz/wp-json/wp/v2/pages/6846.json]
[reactheme.com/products/wordpress/finbiz/wp-json/oembed/1.0/embed2ceb.json]
[reactheme.com/products/wordpress/finbiz/rt-portfolios/our-business-growth/index.html]
[reactheme.com/products/wordpress/finbiz/indexac6c.html]
[reactheme.com/products/wordpress/finbiz/rt-portfolios/agency-growth-check/index.html]
[reactheme.com/products/wordpress/finbiz/rt-portfolios/startup-business-growth/index.html]
[reactheme.com/products/wordpress/finbiz/wp-json/oembed/1.0/embed73a7]
[reactheme.com/products/wordpress/finbiz/portfolio-2/index.html]
[reactheme.com/products/wordpress/finbiz/wp-content/cache/autoptimize/css/autoptimize_single_1b4709770076be49eda4c3cb63e0d264.css]
[reactheme.com/products/wordpress/finbiz/wp-json/wp/v2/pages/6859.json]
[reactheme.com/products/wordpress/finbiz/wp-json/oembed/1.0/embed64be.json]
[reactheme.com/products/wordpress/finbiz/indexd69a.html]
[reactheme.com/products/wordpress/finbiz/wp-json/oembed/1.0/embed476a]
[reactheme.com/products/wordpress/finbiz/wp-content/uploads/2022/10/p-5-540x570.jpg]
[reactheme.com/products/wordpress/finbiz/wp-content/uploads/2022/10/p-6-540x570.jpg]
[reactheme.com/products/wordpress/finbiz/portfolio-style-3/index.html]
[reactheme.com/products/wordpress/finbiz/wp-content/cache/autoptimize/css/autoptimize_single_850f59222fa9137c7fd27ed310157aa3.css]
[reactheme.com/products/wordpress/finbiz/wp-json/wp/v2/pages/6873.json]
[reactheme.com/products/wordpress/finbiz/wp-json/oembed/1.0/embed6f9c.json]
[reactheme.com/products/wordpress/finbiz/index42a1.html]
[reactheme.com/products/wordpress/finbiz/wp-json/oembed/1.0/embed77c2]
[reactheme.com/products/wordpress/finbiz/portfolio-style-4/index.html]
[reactheme.com/products/wordpress/finbiz/wp-content/cache/autoptimize/css/autoptimize_single_b52d6e21ee217a26bfac7b1350a52331.css]
[reactheme.com/products/wordpress/finbiz/wp-json/wp/v2/pages/6881.json]
[reactheme.com/products/wordpress/finbiz/wp-json/oembed/1.0/embed10c0.json]
[reactheme.com/products/wordpress/finbiz/index7e7d.html]
[reactheme.com/products/wordpress/finbiz/wp-json/oembed/1.0/embed918c]
[reactheme.com/products/wordpress/finbiz/portfolio-style-5/index.html]
[reactheme.com/products/wordpress/finbiz/wp-content/cache/autoptimize/css/autoptimize_single_e9463e0adf2ad009956b62c536bd9f9a.css]
[reactheme.com/products/wordpress/finbiz/wp-json/oembed/1.0/embed1e9f.json]
[reactheme.com/products/wordpress/finbiz/index348c.html]
[reactheme.com/products/wordpress/finbiz/wp-json/oembed/1.0/embeda0df]
[reactheme.com/products/wordpress/finbiz/wp-content/uploads/2022/10/p-1.jpg]
[reactheme.com/products/wordpress/finbiz/wp-content/uploads/2022/10/bg.png]
[reactheme.com/products/wordpress/finbiz/wp-content/uploads/2022/10/bg-1.png]
[reactheme.com/products/wordpress/finbiz/wp-content/uploads/2022/10/bg-2.png]
[reactheme.com/products/wordpress/finbiz/rt-portfolios/digital-startup-agency/index.html]
[reactheme.com/products/wordpress/finbiz/wp-content/cache/autoptimize/css/autoptimize_single_d7f163118543d5e0a95393e255f55227.css]
[reactheme.com/products/wordpress/finbiz/wp-json/wp/v2/pages/1093.json]
[reactheme.com/products/wordpress/finbiz/wp-json/oembed/1.0/embedbf4c.json]
[reactheme.com/products/wordpress/finbiz/index9a65.html]
[reactheme.com/products/wordpress/finbiz/wp-json/oembed/1.0/embed3c0c]
[reactheme.com/products/wordpress/finbiz/wp-content/uploads/2022/10/team-6.jpg]
[reactheme.com/products/wordpress/finbiz/wp-content/uploads/2022/10/team-7.jpg]
[reactheme.com/products/wordpress/finbiz/wp-content/uploads/2022/10/mona.png]
[reactheme.com/products/wordpress/finbiz/teams/beckett-hayden/index.html]
[reactheme.com/products/wordpress/finbiz/wp-content/uploads/2022/10/team-8.jpg]
[reactheme.com/products/wordpress/finbiz/team/index.html]
[reactheme.com/products/wordpress/finbiz/teams/julian-wyat/index.html]
[reactheme.com/products/wordpress/finbiz/wp-content/cache/autoptimize/css/autoptimize_single_4f9a208699547f6b1cc7fbfd3475a633.css]
[reactheme.com/products/wordpress/finbiz/teams/hake-mowana/index.html]
[reactheme.com/products/wordpress/finbiz/wp-json/wp/v2/pages/6907.json]
[reactheme.com/products/wordpress/finbiz/wp-json/oembed/1.0/embed2b56.json]
[reactheme.com/products/wordpress/finbiz/teams/oulian-miyako/index.html]
[reactheme.com/products/wordpress/finbiz/wp-json/oembed/1.0/embed1bea]
[reactheme.com/products/wordpress/finbiz/team-style-2/index.html]
[reactheme.com/products/wordpress/finbiz/index685a.html]
[reactheme.com/products/wordpress/finbiz/wp-content/cache/autoptimize/css/autoptimize_single_e364f7dcea44b47b4ee8ef58c0f8a950.css]
[reactheme.com/products/wordpress/finbiz/wp-json/wp/v2/pages/6912.json]
[reactheme.com/products/wordpress/finbiz/wp-json/oembed/1.0/embeda2da.json]
[reactheme.com/products/wordpress/finbiz/index549d.html]
[reactheme.com/products/wordpress/finbiz/wp-json/oembed/1.0/embed486a]
[reactheme.com/products/wordpress/finbiz/team-style-3/index.html]
[reactheme.com/products/wordpress/finbiz/wp-content/cache/autoptimize/css/autoptimize_single_6fdcb01c8f0d2648e22b7005c22e29d1.css]
[reactheme.com/products/wordpress/finbiz/wp-json/wp/v2/pages/6921.json]
[reactheme.com/products/wordpress/finbiz/wp-json/oembed/1.0/embed790e.json]
[reactheme.com/products/wordpress/finbiz/index14e3.html]
[reactheme.com/products/wordpress/finbiz/wp-json/oembed/1.0/embeda321]
[reactheme.com/products/wordpress/finbiz/team-style-4/david@support.com]
[reactheme.com/products/wordpress/finbiz/team-style-4/support@david.com]
[reactheme.com/products/wordpress/finbiz/team-style-4/index.html]
[reactheme.com/products/wordpress/finbiz/wp-content/cache/autoptimize/css/autoptimize_single_212bd6ff9bc5454bc727235cd8d4f360.css]
[reactheme.com/products/wordpress/finbiz/wp-json/wp/v2/pages/6922.json]
[reactheme.com/products/wordpress/finbiz/wp-json/oembed/1.0/embed8942.json]
[reactheme.com/products/wordpress/finbiz/wp-json/oembed/1.0/embed594b]
[reactheme.com/products/wordpress/finbiz/index10b8.html]
[reactheme.com/products/wordpress/finbiz/team-style-5/david@support.com]
[reactheme.com/products/wordpress/finbiz/team-style-5/support@david.com]
[reactheme.com/products/wordpress/finbiz/team-style-5/index.html]
[reactheme.com/products/wordpress/finbiz/wp-content/cache/autoptimize/css/autoptimize_single_55df534f8f9c1970d719e3e94c62efab.css]
[reactheme.com/products/wordpress/finbiz/wp-json/oembed/1.0/embedb9c4.json]
[reactheme.com/products/wordpress/finbiz/wp-json/oembed/1.0/embed1c65]
[reactheme.com/products/wordpress/finbiz/teams/archer-graham/index.html]
[reactheme.com/products/wordpress/finbiz/index227a.html]
[reactheme.com/products/wordpress/finbiz/wp-content/uploads/2022/10/blog-lg-2.jpg]
[reactheme.com/products/wordpress/finbiz/wp-content/uploads/2022/10/blog-lg-1-87x87.jpg]
[reactheme.com/products/wordpress/finbiz/wp-content/uploads/2022/10/blog-lg-4-87x87.jpg]
[reactheme.com/products/wordpress/finbiz/wp-content/uploads/2022/10/blog-lg-2-87x87.jpg]
[reactheme.com/products/wordpress/finbiz/wp-content/uploads/2022/10/blog-lg-3-87x87.jpg]
[reactheme.com/products/wordpress/finbiz/wp-content/uploads/2022/10/blog-lg-2-150x150.jpg]
[reactheme.com/products/wordpress/finbiz/wp-content/uploads/2022/10/blog-lg-3-150x150.jpg]
[reactheme.com/products/wordpress/finbiz/blog/index.html]
[reactheme.com/products/wordpress/finbiz/wp-content/cache/autoptimize/css/autoptimize_single_38f41460fc59bf6caf0c5311f003bffb.css]
[reactheme.com/products/wordpress/finbiz/blog/page/2/index.html]
[reactheme.com/products/wordpress/finbiz/tag/business/index.html]
[reactheme.com/products/wordpress/finbiz/wp-json/wp/v2/pages/6938.json]
[reactheme.com/products/wordpress/finbiz/tag/finance/index.html]
[reactheme.com/products/wordpress/finbiz/tag/growth/index.html]
[reactheme.com/products/wordpress/finbiz/tag/internet/index.html]
[reactheme.com/products/wordpress/finbiz/wp-json/oembed/1.0/embed615d.json]
[reactheme.com/products/wordpress/finbiz/tag/marketing/index.html]
[reactheme.com/products/wordpress/finbiz/wp-json/oembed/1.0/embed8056]
[reactheme.com/products/wordpress/finbiz/blog-grid/index.html]
[reactheme.com/products/wordpress/finbiz/tag/solution/index.html]
[reactheme.com/products/wordpress/finbiz/tag/speed/index.html]
[reactheme.com/products/wordpress/finbiz/tag/service/index.html]
[reactheme.com/products/wordpress/finbiz/tag/ui-ux/index.html]
[reactheme.com/products/wordpress/finbiz/indexcb88.html]
[reactheme.com/products/wordpress/finbiz/profitable-business-makes-your-profit/feed/index.html]
[reactheme.com/products/wordpress/finbiz/wp-json/wp/v2/posts/1269.json]
[reactheme.com/products/wordpress/finbiz/wp-json/oembed/1.0/embeda429.json]
[reactheme.com/products/wordpress/finbiz/index71f3.html]
[reactheme.com/products/wordpress/finbiz/wp-json/oembed/1.0/embed8e2b]
[reactheme.com/products/wordpress/finbiz/profitable-business-makes-your-profit-5-2/index.html]
[reactheme.com/products/wordpress/finbiz/xmlrpc.php]
[reactheme.com/products/wordpress/finbiz/wp-content/uploads/2022/10/03-3.jpg]
[reactheme.com/products/wordpress/finbiz/wp-includes/js/comment-reply.min.js]
[reactheme.com/products/wordpress/finbiz/profitable-business-makes-your-profit/index.html]
[reactheme.com/products/wordpress/finbiz/wp-content/cache/autoptimize/css/autoptimize_single_77609411283916422042c7ec647eef48.css]
[reactheme.com/products/wordpress/finbiz/wp-json/wp/v2/pages/37.json]
[reactheme.com/products/wordpress/finbiz/wp-json/oembed/1.0/embed0425.json]
[reactheme.com/products/wordpress/finbiz/index4837.html]
[reactheme.com/products/wordpress/finbiz/wp-json/oembed/1.0/embede83b]
[reactheme.com/products/wordpress/finbiz/wp-content/uploads/2022/10/con-1.png]
[reactheme.com/products/wordpress/finbiz/wp-content/uploads/2022/10/con-2.png]
[reactheme.com/products/wordpress/finbiz/wp-content/uploads/2022/10/con-3.png]
[reactheme.com/products/wordpress/finbiz/contact/index.html]
[reactheme.com/products/wordpress/finbiz/wp-content/uploads/2022/10/logo-1.svg]
[reactheme.com/products/wordpress/finbiz/wp-content/uploads/elementor/css/custom-widget-icon-list.minb6f0.css]
[reactheme.com/products/wordpress/finbiz/wp-content/uploads/2022/10/02.svg]
[reactheme.com/products/wordpress/finbiz/wp-content/uploads/2022/10/03.svg]
[reactheme.com/products/wordpress/finbiz/wp-content/uploads/2022/10/01.svg]
[reactheme.com/products/wordpress/finbiz/wp-content/uploads/2022/10/04.svg]
[reactheme.com/products/wordpress/finbiz/wp-content/uploads/2022/10/05.svg]
[reactheme.com/products/wordpress/finbiz/wp-content/uploads/2022/10/06.svg]
[reactheme.com/products/wordpress/finbiz/wp-content/uploads/elementor/css/custom-widget-icon-box.min306e.css]
[reactheme.com/products/wordpress/finbiz/wp-content/uploads/2022/10/counter-1.svg]
[reactheme.com/products/wordpress/finbiz/wp-content/uploads/2022/10/counter-2.svg]
[reactheme.com/products/wordpress/finbiz/wp-content/uploads/2022/10/counter-3.svg]
[reactheme.com/products/wordpress/finbiz/wp-content/uploads/2022/10/counter-4.svg]
[reactheme.com/products/wordpress/finbiz/wp-content/uploads/2022/10/shape.svg]
[reactheme.com/products/wordpress/finbiz/wp-content/uploads/2022/10/1.svg]
[reactheme.com/products/wordpress/finbiz/wp-content/uploads/2022/10/p-2.jpg]
[reactheme.com/products/wordpress/finbiz/rt-portfolio-category/business-growth/index.html]
[reactheme.com/products/wordpress/finbiz/rt-portfolio-category/business-growth/feed/index.html]
[reactheme.com/products/wordpress/finbiz/wp-content/cache/autoptimize/css/autoptimize_single_b6a105f1543827b32c829ea6ca28bfb9.css]
[reactheme.com/products/wordpress/finbiz/wp-json/oembed/1.0/embed160c.json]
[reactheme.com/products/wordpress/finbiz/index8fe5.html]
[reactheme.com/products/wordpress/finbiz/wp-json/oembed/1.0/embedfd3a]
[reactheme.com/products/wordpress/finbiz/rt-portfolios/business-growth-check/index.html]
[reactheme.com/products/wordpress/finbiz/wp-content/cache/autoptimize/css/autoptimize_single_eddc02af41f10832b2ad19b4ac9c3dd4.css]
[reactheme.com/products/wordpress/finbiz/rt-portfolio-category/business-growth/page/2/index.html]
[reactheme.com/products/wordpress/finbiz/wp-json/oembed/1.0/embed0a43.json]
[reactheme.com/products/wordpress/finbiz/indexeda8.html]
[reactheme.com/products/wordpress/finbiz/wp-json/oembed/1.0/embed0ae3]
[reactheme.com/products/wordpress/finbiz/teams/alan-dosan/index.html]
[reactheme.com/products/wordpress/finbiz/wp-content/cache/autoptimize/css/autoptimize_single_505408fa11e2cc90604534ea5a25b8eb.css]
[reactheme.com/products/wordpress/finbiz/wp-json/oembed/1.0/embed73f3.json]
[reactheme.com/products/wordpress/finbiz/indexdca8.html]
[reactheme.com/products/wordpress/finbiz/wp-json/oembed/1.0/embed6502]
[reactheme.com/products/wordpress/finbiz/teams/stive-stikollo/index.html]
[reactheme.com/products/wordpress/finbiz/wp-content/cache/autoptimize/css/autoptimize_single_68485f8ec9ac83a1a862c8134042e785.css]
[reactheme.com/products/wordpress/finbiz/wp-json/oembed/1.0/embed746f.json]
[reactheme.com/products/wordpress/finbiz/index6028.html]
[reactheme.com/products/wordpress/finbiz/wp-json/oembed/1.0/embedf2be]
[reactheme.com/products/wordpress/finbiz/teams/amelia-clover/index.html]
[reactheme.com/products/wordpress/finbiz/wp-content/uploads/2022/10/shape-1.svg]
[reactheme.com/products/wordpress/finbiz/wp-json/wp/v2/posts/1327.json]
[reactheme.com/products/wordpress/finbiz/profitable-business-makes-your-profit-5/feed/index.html]
[reactheme.com/products/wordpress/finbiz/index164e.html]
[reactheme.com/products/wordpress/finbiz/wp-json/oembed/1.0/embed8d12.json]
[reactheme.com/products/wordpress/finbiz/wp-json/oembed/1.0/embedfb3b]
[reactheme.com/products/wordpress/finbiz/profitable-business-makes-your-profit-5/index.html]
[reactheme.com/products/wordpress/finbiz/wp-json/wp/v2/categories/7.json]
[reactheme.com/products/wordpress/finbiz/category/strategy-business/index.html]
[reactheme.com/products/wordpress/finbiz/blog-details.html]
[reactheme.com/products/wordpress/finbiz/category/strategy-business/feed/index.html]
[reactheme.com/products/wordpress/finbiz/wp-json/wp/v2/posts/1328.json]
[reactheme.com/products/wordpress/finbiz/profitable-business-makes-your-profit-4/feed/index.html]
[reactheme.com/products/wordpress/finbiz/wp-json/oembed/1.0/embed0e06.json]
[reactheme.com/products/wordpress/finbiz/index8d07.html]
[reactheme.com/products/wordpress/finbiz/wp-json/oembed/1.0/embed9cbb]
[reactheme.com/products/wordpress/finbiz/profitable-business-makes-your-profit-4/index.html]
[reactheme.com/products/wordpress/finbiz/wp-json/wp/v2/categories/4.json]
[reactheme.com/products/wordpress/finbiz/category/business-solution/index.html]
[reactheme.com/products/wordpress/finbiz/category/business-solution/feed/index.html]
[reactheme.com/products/wordpress/finbiz/wp-json/wp/v2/posts/1329.json]
[reactheme.com/products/wordpress/finbiz/profitable-business-makes-your-profit-3/feed/index.html]
[reactheme.com/products/wordpress/finbiz/wp-json/oembed/1.0/embeda446.json]
[reactheme.com/products/wordpress/finbiz/indexd944.html]
[reactheme.com/products/wordpress/finbiz/wp-json/oembed/1.0/embed8135]
[reactheme.com/products/wordpress/finbiz/profitable-business-makes-your-profit-3/index.html]
[reactheme.com/products/wordpress/finbiz/wp-json/wp/v2/categories/6.json]
[reactheme.com/products/wordpress/finbiz/category/marketing-solution/index.html]
[reactheme.com/products/wordpress/finbiz/category/marketing-solution/feed/index.html]
[reactheme.com/products/wordpress/finbiz/wp-json/wp/v2/posts/1326.json]
[reactheme.com/products/wordpress/finbiz/profitable-business-makes-your-profit-2/feed/index.html]
[reactheme.com/products/wordpress/finbiz/wp-json/oembed/1.0/embedd6fe.json]
[reactheme.com/products/wordpress/finbiz/index6917.html]
[reactheme.com/products/wordpress/finbiz/wp-json/oembed/1.0/embedb65e]
[reactheme.com/products/wordpress/finbiz/profitable-business-makes-your-profit-2/index.html]
[reactheme.com/products/wordpress/finbiz/wp-json/wp/v2/categories/5.json]
[reactheme.com/products/wordpress/finbiz/category/corporate-solution/index.html]
[reactheme.com/products/wordpress/finbiz/wp-content/uploads/2022/10/bottom-line.svg]
[reactheme.com/products/wordpress/finbiz/category/corporate-solution/feed/index.html]
[reactheme.com/products/wordpress/finbiz/wp-content/cache/autoptimize/css/autoptimize_single_54cf7a453af6faa83f98a20fee1bf8ef.css]
[reactheme.com/products/wordpress/finbiz/wp-json/wp/v2/pages/4697.json]
[reactheme.com/products/wordpress/finbiz/wp-json/oembed/1.0/embeda5fc.json]
[reactheme.com/products/wordpress/finbiz/index8615.html]
[reactheme.com/products/wordpress/finbiz/wp-json/oembed/1.0/embede765]
[reactheme.com/products/wordpress/finbiz/investment-strategy/index.html]
[reactheme.com/products/wordpress/finbiz/wp-content/cache/autoptimize/css/autoptimize_single_5a03305f11a8dcc13bebfa738f5c1b96.css]
[reactheme.com/products/wordpress/finbiz/wp-json/wp/v2/pages/4695.json]
[reactheme.com/products/wordpress/finbiz/wp-json/oembed/1.0/embed3686.json]
[reactheme.com/products/wordpress/finbiz/index9b0e.html]
[reactheme.com/products/wordpress/finbiz/wp-json/oembed/1.0/embed64c5]
[reactheme.com/products/wordpress/finbiz/financial-advices/index.html]
[reactheme.com/products/wordpress/finbiz/wp-content/cache/autoptimize/css/autoptimize_single_100b51bcd639dafc69e53bcbb1aea98d.css]
[reactheme.com/products/wordpress/finbiz/wp-json/wp/v2/pages/4693.json]
[reactheme.com/products/wordpress/finbiz/wp-json/oembed/1.0/embed018f.json]
[reactheme.com/products/wordpress/finbiz/indexe382.html]
[reactheme.com/products/wordpress/finbiz/wp-json/oembed/1.0/embed4ace]
[reactheme.com/products/wordpress/finbiz/strategy-growth/index.html]
[reactheme.com/products/wordpress/finbiz/wp-content/cache/autoptimize/css/autoptimize_single_a988cd63c9f908c9fee8a1143b924386.css]
[reactheme.com/products/wordpress/finbiz/wp-content/cache/autoptimize/css/autoptimize_single_bcbc4d1fb215bc15cabe46e33517facf.css]
[reactheme.com/products/wordpress/finbiz/wp-content/uploads/2022/10/footer-bg-shape.svg]
[reactheme.com/products/wordpress/finbiz/wp-content/uploads/2022/10/footer-call.webp]
[reactheme.com/products/wordpress/finbiz/wp-content/cache/autoptimize/css/autoptimize_single_0530db8361c703beff11a950e7cbc172.css]
[reactheme.com/products/wordpress/finbiz/wp-content/uploads/2022/10/01-3.svg]
[reactheme.com/products/wordpress/finbiz/wp-content/uploads/2022/10/bg-02.jpg]
[reactheme.com/products/wordpress/finbiz/wp-content/uploads/2022/10/bg-01.jpg]
[reactheme.com/products/wordpress/finbiz/wp-content/uploads/2022/10/bg-01-1.jpg]
[reactheme.com/products/wordpress/finbiz/wp-content/uploads/2022/10/03-1.jpg]
[reactheme.com/products/wordpress/finbiz/wp-content/uploads/2022/10/portfolio-bg.jpg]
[reactheme.com/products/wordpress/finbiz/wp-content/uploads/2022/10/bg-testimonial.jpg]
[reactheme.com/products/wordpress/finbiz/wp-content/uploads/2022/10/bg-02-1.jpg]
[reactheme.com/products/wordpress/finbiz/wp-content/uploads/2022/10/bg.jpg]
[reactheme.com/products/wordpress/finbiz/wp-content/cache/autoptimize/css/autoptimize_single_89afe669f6178e14a12712243e89238c.css]
[reactheme.com/products/wordpress/finbiz/index40a0.html]
[reactheme.com/products/wordpress/finbiz/wp-content/uploads/2022/10/logo-2.svg]
[reactheme.com/products/wordpress/finbiz/wp-content/uploads/2022/10/w1.svg]
[reactheme.com/products/wordpress/finbiz/wp-content/uploads/2022/10/02-3.svg]
[reactheme.com/products/wordpress/finbiz/wp-content/uploads/2022/10/03-2.svg]
[reactheme.com/products/wordpress/finbiz/wp-content/uploads/2022/10/04-1.svg]
[reactheme.com/products/wordpress/finbiz/wp-content/cache/autoptimize/css/autoptimize_single_816a3b0f4e576f403d4d71f5d18555d4.css]
[reactheme.com/products/wordpress/finbiz/wp-json/oembed/1.0/embed3f63.json]
[reactheme.com/products/wordpress/finbiz/index799a.html]
[reactheme.com/products/wordpress/finbiz/wp-json/oembed/1.0/embed9575]
[reactheme.com/products/wordpress/finbiz/rt-portfolios/business-growth-check-3/index.html]
[reactheme.com/products/wordpress/finbiz/wp-content/cache/autoptimize/css/autoptimize_single_2acc513d1b6743a1faf24186b9c1890a.css]
[reactheme.com/products/wordpress/finbiz/wp-json/oembed/1.0/embed6130.json]
[reactheme.com/products/wordpress/finbiz/indexd81c.html]
[reactheme.com/products/wordpress/finbiz/wp-json/oembed/1.0/embed281b]
[reactheme.com/products/wordpress/finbiz/rt-portfolios/business-growth-model/index.html]
[reactheme.com/products/wordpress/finbiz/rt-portfolio-category/solution/index.html]
[reactheme.com/products/wordpress/finbiz/wp-content/cache/autoptimize/css/autoptimize_single_336a21276c1117152c1749000aff3ec6.css]
[reactheme.com/products/wordpress/finbiz/rt-portfolio-category/solution/feed/index.html]
[reactheme.com/products/wordpress/finbiz/wp-json/oembed/1.0/embed6f29.json]
[reactheme.com/products/wordpress/finbiz/wp-json/oembed/1.0/embed29be]
[reactheme.com/products/wordpress/finbiz/rt-portfolios/strategy-growth-check/index.html]
[reactheme.com/products/wordpress/finbiz/rt-portfolio-category/marketing/index.html]
[reactheme.com/products/wordpress/finbiz/index674c.html]
[reactheme.com/products/wordpress/finbiz/wp-content/cache/autoptimize/css/autoptimize_single_3cae19c879f3f2ecf016dc680954314b.css]
[reactheme.com/products/wordpress/finbiz/rt-portfolio-category/marketing/feed/index.html]
[reactheme.com/products/wordpress/finbiz/wp-json/oembed/1.0/embed0928.json]
[reactheme.com/products/wordpress/finbiz/index7221.html]
[reactheme.com/products/wordpress/finbiz/wp-json/oembed/1.0/embedb35d]
[reactheme.com/products/wordpress/finbiz/rt-portfolios/marketing-solution/index.html]
[reactheme.com/products/wordpress/finbiz/home-two/blog-details.html]
[reactheme.com/products/wordpress/finbiz/wp-content/cache/autoptimize/css/autoptimize_single_884421c9130d3aa6f4a2c848a76a77d2.css]
[reactheme.com/products/wordpress/finbiz/wp-json/wp/v2/pages/4691.json]
[reactheme.com/products/wordpress/finbiz/wp-json/oembed/1.0/embed62c0.json]
[reactheme.com/products/wordpress/finbiz/indexd6db.html]
[reactheme.com/products/wordpress/finbiz/wp-json/oembed/1.0/embedad88]
[reactheme.com/products/wordpress/finbiz/tax-strategy/index.html]
[reactheme.com/products/wordpress/finbiz/wp-content/cache/autoptimize/css/autoptimize_single_7747024c1d01e66c10c8071e2f562a6a.css]
[reactheme.com/products/wordpress/finbiz/wp-json/wp/v2/pages/4853.json]
[reactheme.com/products/wordpress/finbiz/wp-json/oembed/1.0/embed099a.json]
[reactheme.com/products/wordpress/finbiz/index68a1.html]
[reactheme.com/products/wordpress/finbiz/wp-json/oembed/1.0/embedbe37]
[reactheme.com/products/wordpress/finbiz/market-research/index.html]
[reactheme.com/products/wordpress/finbiz/wp-content/cache/autoptimize/css/autoptimize_single_723980a82f0090cff13601debe3ac5b4.css]
[reactheme.com/products/wordpress/finbiz/wp-content/cache/autoptimize/css/autoptimize_single_d9bae5b57414a94a8868df29cfdcfa51.css]
[reactheme.com/products/wordpress/finbiz/wp-content/cache/autoptimize/css/autoptimize_single_a57d780177916e8be620492eb2dac6fb.css]
[reactheme.com/products/wordpress/finbiz/wp-content/uploads/2022/11/footer-bg-3.webp]
[reactheme.com/products/wordpress/finbiz/wp-content/cache/autoptimize/css/autoptimize_single_76651197132a35c73f408c51817d947c.css]
[reactheme.com/products/wordpress/finbiz/wp-content/uploads/2022/10/bg-about-home3.jpg]
[reactheme.com/products/wordpress/finbiz/wp-content/uploads/2022/10/03-2.jpg]
[reactheme.com/products/wordpress/finbiz/wp-content/uploads/2022/10/bg-01-2.jpg]
[reactheme.com/products/wordpress/finbiz/wp-content/uploads/2022/10/faq-bg.jpg]
[reactheme.com/products/wordpress/finbiz/wp-content/uploads/2022/10/01-4.jpg]
[reactheme.com/products/wordpress/finbiz/wp-content/uploads/2022/10/sm-1.jpg]
[reactheme.com/products/wordpress/finbiz/wp-content/uploads/2022/10/02-bg.jpg]
[reactheme.com/products/wordpress/finbiz/wp-content/cache/autoptimize/css/autoptimize_single_830d0a7d475fc792670330ae4b8f6428.css]
[reactheme.com/products/wordpress/finbiz/indexbfec.html]
[reactheme.com/products/wordpress/finbiz/wp-content/uploads/2022/10/logo-3.svg]
[reactheme.com/products/wordpress/finbiz/wp-content/uploads/2022/10/16.svg]
[reactheme.com/products/wordpress/finbiz/wp-content/uploads/2022/11/17.svg]
[reactheme.com/products/wordpress/finbiz/wp-content/uploads/2022/11/18.svg]
[reactheme.com/products/wordpress/finbiz/wp-content/uploads/2022/10/05-1.svg]
[reactheme.com/products/wordpress/finbiz/wp-content/uploads/2022/10/08.svg]
[reactheme.com/products/wordpress/finbiz/wp-content/uploads/2022/10/07.svg]
[reactheme.com/products/wordpress/finbiz/wp-content/cache/autoptimize/css/autoptimize_single_03b8c0ea69d750ed88d09a49443af573.css]
[reactheme.com/products/wordpress/finbiz/wp-content/uploads/2022/10/price-bg.jpg]
[reactheme.com/products/wordpress/finbiz/wp-content/cache/autoptimize/css/autoptimize_single_3a9cf594db45c5da5996f3b2a848e1ed.css]
[reactheme.com/products/wordpress/finbiz/wp-content/cache/autoptimize/css/autoptimize_single_33491127012aa54b630fc9063391ba73.css]
[reactheme.com/products/wordpress/finbiz/wp-content/uploads/2022/10/footer-bg-2.webp]
[reactheme.com/products/wordpress/finbiz/wp-content/cache/autoptimize/css/autoptimize_single_ed7942ea29767259372ab7e1c5bf1921.css]
[reactheme.com/products/wordpress/finbiz/wp-content/cache/autoptimize/css/autoptimize_single_3e10a88cc6a9201709c89b2f61a0f29c.css]
[reactheme.com/products/wordpress/finbiz/indexe9a7.html]
[reactheme.com/products/wordpress/finbiz/wp-content/uploads/2022/11/logo-5.svg]
[reactheme.com/products/wordpress/finbiz/wp-content/uploads/2022/11/logo-5.1.svg]
[reactheme.com/products/wordpress/finbiz/wp-content/cache/autoptimize/css/autoptimize_single_8e28e34bd546ab8e50b683251857371e.css]
[reactheme.com/products/wordpress/finbiz/wp-content/cache/autoptimize/css/autoptimize_single_d79eaf17938da664a48afe0818cb8668.css]
[reactheme.com/products/wordpress/finbiz/wp-content/uploads/2022/11/banner-bg5.webp]
[reactheme.com/products/wordpress/finbiz/wp-content/uploads/2022/11/05.jpg]
[reactheme.com/products/wordpress/finbiz/wp-content/uploads/2022/11/testimonial-bg.webp]
[reactheme.com/products/wordpress/finbiz/wp-content/cache/autoptimize/css/autoptimize_single_af5775a5e76618011627bbcbec0f9714.css]
[reactheme.com/products/wordpress/finbiz/index5b86.html]
[reactheme.com/products/wordpress/finbiz/wp-content/uploads/2022/11/service-logo1.svg]
[reactheme.com/products/wordpress/finbiz/wp-content/uploads/2022/11/service-logo2.svg]
[reactheme.com/products/wordpress/finbiz/wp-content/uploads/2022/11/service-logo3.svg]
[reactheme.com/products/wordpress/finbiz/wp-content/uploads/2022/11/09.svg]
[reactheme.com/products/wordpress/finbiz/wp-content/uploads/2022/11/10.svg]
[reactheme.com/products/wordpress/finbiz/wp-content/uploads/2022/11/11.svg]
[reactheme.com/products/wordpress/finbiz/wp-content/uploads/2022/11/12.svg]
[reactheme.com/products/wordpress/finbiz/wp-content/cache/autoptimize/css/autoptimize_single_f5d9ed19fb4e94a7c00b08a28ac503f9.css]
[reactheme.com/products/wordpress/finbiz/wp-content/uploads/2022/11/newsletter-bg.png]
[reactheme.com/products/wordpress/finbiz/wp-content/cache/autoptimize/css/autoptimize_single_0ed3bed5fd7ebe94b70b2f7bb0b3a4af.css]
[reactheme.com/products/wordpress/finbiz/wp-content/uploads/2022/12/banner.webp]
[reactheme.com/products/wordpress/finbiz/wp-content/uploads/2022/12/bg-02.webp]
[reactheme.com/products/wordpress/finbiz/wp-content/cache/autoptimize/css/autoptimize_single_ad02034dc252adfe1a7126ed0e775d08.css]
[reactheme.com/products/wordpress/finbiz/index2396.html]
[reactheme.com/products/wordpress/finbiz/wp-content/uploads/2022/12/19.svg]
[reactheme.com/products/wordpress/finbiz/wp-content/uploads/2022/12/20.svg]
[reactheme.com/products/wordpress/finbiz/wp-content/uploads/2022/12/21.svg]
[reactheme.com/products/wordpress/finbiz/wp-content/uploads/2022/12/pie-1.svg]
[reactheme.com/products/wordpress/finbiz/wp-content/uploads/2022/12/pie-2.svg]
[reactheme.com/products/wordpress/finbiz/wp-content/uploads/2022/12/pie-3.svg]
[reactheme.com/products/wordpress/finbiz/wp-content/uploads/2022/12/09.svg]
[reactheme.com/products/wordpress/finbiz/wp-content/uploads/2022/12/10.svg]
[reactheme.com/products/wordpress/finbiz/wp-content/uploads/2022/12/11.svg]
[reactheme.com/products/wordpress/finbiz/wp-content/uploads/2022/12/12.svg]
[reactheme.com/products/wordpress/finbiz/finance-home/blog-details.html]
[reactheme.com/products/wordpress/finbiz/wp-content/cache/autoptimize/css/autoptimize_single_ba6622c7a3778be3f45ce4d92e2ad406.css]
[reactheme.com/products/wordpress/finbiz/wp-content/uploads/2022/10/team-bg.jpg]
[reactheme.com/products/wordpress/finbiz/wp-content/cache/autoptimize/css/autoptimize_single_a559b59bea14e117e44bcd2bdf094f71.css]
[reactheme.com/products/wordpress/finbiz/indexa724.html]
[reactheme.com/products/wordpress/finbiz/main-home-one-page/blog-details.html]
[reactheme.com/products/wordpress/finbiz/wp-content/cache/autoptimize/css/autoptimize_single_80af65668f851c0866ad6b579c4025c4.css]
[reactheme.com/products/wordpress/finbiz/wp-content/cache/autoptimize/css/autoptimize_single_53d57343edbcd7adb30ca8c37453d602.css]
[reactheme.com/products/wordpress/finbiz/index23e1.html]
[reactheme.com/products/wordpress/finbiz/consulting-one-page/blog-details.html]
[reactheme.com/products/wordpress/finbiz/wp-content/cache/autoptimize/css/autoptimize_single_e5b871a28c135ebcb0674bbc56d56427.css]
[reactheme.com/products/wordpress/finbiz/wp-content/cache/autoptimize/css/autoptimize_single_84e447fd0936385af60f6f0a9d67ff0b.css]
[reactheme.com/products/wordpress/finbiz/indexceb0.html]
[reactheme.com/products/wordpress/finbiz/wp-content/cache/autoptimize/css/autoptimize_single_5c20fe80000c0aee5eb6dfe7ec6d297b.css]
[reactheme.com/products/wordpress/finbiz/wp-content/cache/autoptimize/css/autoptimize_single_4f4d7f1cba640569fa9039def8cf6fab.css]
[reactheme.com/products/wordpress/finbiz/indexf7c9.html]
[reactheme.com/products/wordpress/finbiz/wp-content/cache/autoptimize/css/autoptimize_single_fee651e9be76a55b9adadb35c00e2fad.css]
[reactheme.com/products/wordpress/finbiz/wp-content/cache/autoptimize/css/autoptimize_single_5196ad516483ada923581f4ac42cd696.css]
[reactheme.com/products/wordpress/finbiz/index58b8.html]
[reactheme.com/products/wordpress/finbiz/wp-content/cache/autoptimize/css/autoptimize_single_e36af8fa0f0aa8870c64018146d690ae.css]
[reactheme.com/products/wordpress/finbiz/wp-content/cache/autoptimize/css/autoptimize_single_4b347e75607134bda04ef80464500684.css]
[reactheme.com/products/wordpress/finbiz/index5e18.html]
[reactheme.com/products/wordpress/finbiz/finance-home-onepage/blog-details.html]
[reactheme.com/products/wordpress/finbiz/wp-content/cache/autoptimize/css/autoptimize_single_a43ecbbb8f677e4865d5b4a8c5a4b925.css]
[reactheme.com/products/wordpress/finbiz/wp-content/uploads/2022/11/bg-04.jpg]
[reactheme.com/products/wordpress/finbiz/wp-content/cache/autoptimize/css/autoptimize_single_4a69236ea3c53942b6ffbc878a07c886.css]
[reactheme.com/products/wordpress/finbiz/index5c90.html]
[reactheme.com/products/wordpress/finbiz/wp-content/uploads/2022/11/bg-5.svg]
[reactheme.com/products/wordpress/finbiz/wp-content/uploads/2022/11/13.svg]
[reactheme.com/products/wordpress/finbiz/wp-content/uploads/2022/11/14.svg]
[reactheme.com/products/wordpress/finbiz/wp-content/uploads/2022/11/15.svg]
[reactheme.com/products/wordpress/finbiz/wp-content/uploads/2022/10/services-bg.jpg]
[reactheme.com/products/wordpress/finbiz/wp-content/uploads/2022/10/bg-03.jpg]
[reactheme.com/products/wordpress/finbiz/wp-content/cache/autoptimize/css/autoptimize_single_fe52e9e2cb56d0bfbd0c78d8c39602d4.css]
[reactheme.com/products/wordpress/finbiz/index998d.html]
[reactheme.com/products/wordpress/finbiz/wp-content/cache/autoptimize/css/autoptimize_single_3956a9661ea11a6ac8c549f9dd625e60.css]
[reactheme.com/products/wordpress/finbiz/index088c.html]
[reactheme.com/products/wordpress/finbiz/wp-content/cache/autoptimize/css/autoptimize_single_4690a65b326de28292333cc7a30f6a05.css]
[reactheme.com/products/wordpress/finbiz/index2a3f.html]
[reactheme.com/products/wordpress/finbiz/wp-content/cache/autoptimize/css/autoptimize_single_b6ea47d949940c3bb4b1eefc229ace50.css]
[reactheme.com/products/wordpress/finbiz/index2301.html]
[reactheme.com/products/wordpress/finbiz/wp-content/cache/autoptimize/css/autoptimize_single_586dfa3980ab069400ef6a8e52c99c38.css]
[reactheme.com/products/wordpress/finbiz/indexe5aa.html]
[reactheme.com/products/wordpress/finbiz/wp-content/uploads/2022/10/09.svg]
[reactheme.com/products/wordpress/finbiz/wp-content/uploads/2022/10/10.svg]
[reactheme.com/products/wordpress/finbiz/wp-content/uploads/2022/10/11.svg]
[reactheme.com/products/wordpress/finbiz/wp-content/uploads/2022/10/12.svg]
[reactheme.com/products/wordpress/finbiz/wp-content/uploads/2022/11/logo-2.svg]
[reactheme.com/products/wordpress/finbiz/wp-content/uploads/2022/11/pie-bg.webp]
[reactheme.com/products/wordpress/finbiz/wp-content/uploads/2022/11/03.webp]
[reactheme.com/products/wordpress/finbiz/wp-content/cache/autoptimize/css/autoptimize_single_c0464562e31c832fce14dd039cb23086.css]
[reactheme.com/products/wordpress/finbiz/indexd257.html]
[reactheme.com/products/wordpress/finbiz/wp-content/cache/autoptimize/css/autoptimize_single_29cba4cd206965beda2c8b3a9ed37915.css]
[reactheme.com/products/wordpress/finbiz/index6524.html]
[reactheme.com/products/wordpress/finbiz/wp-content/cache/autoptimize/css/autoptimize_single_afef249c988a2e770d85ad56fc0dcc16.css]
[reactheme.com/products/wordpress/finbiz/wp-content/cache/autoptimize/css/autoptimize_single_23a70f0b7cba0d7a1ad892e0c417e80b.css]
[reactheme.com/products/wordpress/finbiz/wp-content/cache/autoptimize/css/autoptimize_single_60de224cf22b88d29ff86120a515b688.css]
[reactheme.com/products/wordpress/finbiz/indexf876.html]
[reactheme.com/products/wordpress/finbiz/wp-content/cache/autoptimize/css/autoptimize_single_aeb91560962bfc213d18af9042e29a55.css]
[reactheme.com/products/wordpress/finbiz/indexbedf.html]
[reactheme.com/products/wordpress/finbiz/wp-content/cache/autoptimize/css/autoptimize_single_35ad02c22e3a9bd5d5e87e17b14fc505.css]
[reactheme.com/products/wordpress/finbiz/index8d09.html]
[reactheme.com/products/wordpress/finbiz/wp-content/cache/autoptimize/css/autoptimize_single_1b425b2f9a47a72344caddbd17e56616.css]
[reactheme.com/products/wordpress/finbiz/wp-json/oembed/1.0/embed1a77.json]
[reactheme.com/products/wordpress/finbiz/index1a80.html]
[reactheme.com/products/wordpress/finbiz/wp-json/oembed/1.0/embed9905]
[reactheme.com/products/wordpress/finbiz/rt-portfolios/startup-business-growth/index.html]
[reactheme.com/products/wordpress/finbiz/wp-content/cache/autoptimize/css/autoptimize_single_5afc488a895d20543d0f963db1b6f2bf.css]
[reactheme.com/products/wordpress/finbiz/wp-json/oembed/1.0/embed9597.json]
[reactheme.com/products/wordpress/finbiz/index5d84.html]
[reactheme.com/products/wordpress/finbiz/wp-json/oembed/1.0/embed3204]
[reactheme.com/products/wordpress/finbiz/rt-portfolios/our-business-growth/index.html]
[reactheme.com/products/wordpress/finbiz/wp-content/cache/autoptimize/css/autoptimize_single_953f0d2395617d7d61f89252b3d78bf4.css]
[reactheme.com/products/wordpress/finbiz/wp-json/oembed/1.0/embed070a.json]
[reactheme.com/products/wordpress/finbiz/index389b.html]
[reactheme.com/products/wordpress/finbiz/wp-json/oembed/1.0/embed6fb5]
[reactheme.com/products/wordpress/finbiz/rt-portfolios/agency-growth-check/index.html]
[reactheme.com/products/wordpress/finbiz/wp-content/cache/autoptimize/css/autoptimize_single_c2922db4a4f526bfb7eb284c1baa7287.css]
[reactheme.com/products/wordpress/finbiz/indexac6c.html]
[reactheme.com/products/wordpress/finbiz/wp-content/cache/autoptimize/css/autoptimize_single_1b4709770076be49eda4c3cb63e0d264.css]
[reactheme.com/products/wordpress/finbiz/indexd69a.html]
[reactheme.com/products/wordpress/finbiz/wp-content/cache/autoptimize/css/autoptimize_single_850f59222fa9137c7fd27ed310157aa3.css]
[reactheme.com/products/wordpress/finbiz/index42a1.html]
[reactheme.com/products/wordpress/finbiz/wp-content/cache/autoptimize/css/autoptimize_single_b52d6e21ee217a26bfac7b1350a52331.css]
[reactheme.com/products/wordpress/finbiz/index7e7d.html]
[reactheme.com/products/wordpress/finbiz/wp-content/cache/autoptimize/css/autoptimize_single_e9463e0adf2ad009956b62c536bd9f9a.css]
[reactheme.com/products/wordpress/finbiz/index348c.html]
[reactheme.com/products/wordpress/finbiz/wp-content/cache/autoptimize/css/autoptimize_single_d7f163118543d5e0a95393e255f55227.css]
[reactheme.com/products/wordpress/finbiz/index9a65.html]
[reactheme.com/products/wordpress/finbiz/wp-content/cache/autoptimize/css/autoptimize_single_a47196c4d2399ce9b13a8cf96cc440cd.css]
[reactheme.com/products/wordpress/finbiz/wp-json/oembed/1.0/embed3bb5.json]
[reactheme.com/products/wordpress/finbiz/index974f.html]
[reactheme.com/products/wordpress/finbiz/wp-json/oembed/1.0/embedeae6]
[reactheme.com/products/wordpress/finbiz/teams/beckett-hayden/index.html]
[reactheme.com/products/wordpress/finbiz/wp-content/cache/autoptimize/css/autoptimize_single_e537d56e9a0d36fe7945e6ec40c3e4a0.css]
[reactheme.com/products/wordpress/finbiz/wp-json/oembed/1.0/embedb0dd.json]
[reactheme.com/products/wordpress/finbiz/index094a.html]
[reactheme.com/products/wordpress/finbiz/wp-json/oembed/1.0/embedeeec]
[reactheme.com/products/wordpress/finbiz/teams/julian-wyat/index.html]
[reactheme.com/products/wordpress/finbiz/wp-content/cache/autoptimize/css/autoptimize_single_e0733f100e790f4fc1dc3fe53fa21fa9.css]
[reactheme.com/products/wordpress/finbiz/wp-json/oembed/1.0/embedba0e.json]
[reactheme.com/products/wordpress/finbiz/index24d6.html]
[reactheme.com/products/wordpress/finbiz/wp-json/oembed/1.0/embed2dd6]
[reactheme.com/products/wordpress/finbiz/teams/hake-mowana/index.html]
[reactheme.com/products/wordpress/finbiz/wp-content/cache/autoptimize/css/autoptimize_single_d488f691e7631fb05437dbd87dacfbb0.css]
[reactheme.com/products/wordpress/finbiz/wp-json/oembed/1.0/embeda36b.json]
[reactheme.com/products/wordpress/finbiz/index8b53.html]
[reactheme.com/products/wordpress/finbiz/wp-json/oembed/1.0/embed9823]
[reactheme.com/products/wordpress/finbiz/teams/oulian-miyako/index.html]
[reactheme.com/products/wordpress/finbiz/wp-content/cache/autoptimize/css/autoptimize_single_4f9a208699547f6b1cc7fbfd3475a633.css]
[reactheme.com/products/wordpress/finbiz/index685a.html]
[reactheme.com/products/wordpress/finbiz/wp-content/cache/autoptimize/css/autoptimize_single_e364f7dcea44b47b4ee8ef58c0f8a950.css]
[reactheme.com/products/wordpress/finbiz/index549d.html]
[reactheme.com/products/wordpress/finbiz/wp-content/cache/autoptimize/css/autoptimize_single_6fdcb01c8f0d2648e22b7005c22e29d1.css]
[reactheme.com/products/wordpress/finbiz/index14e3.html]
[reactheme.com/products/wordpress/finbiz/team-style-4/david@support.html]
[reactheme.com/products/wordpress/finbiz/team-style-4/support@david.html]
[reactheme.com/products/wordpress/finbiz/wp-content/cache/autoptimize/css/autoptimize_single_212bd6ff9bc5454bc727235cd8d4f360.css]
[reactheme.com/products/wordpress/finbiz/index10b8.html]
[reactheme.com/products/wordpress/finbiz/team-style-5/david@support.html]
[reactheme.com/products/wordpress/finbiz/team-style-5/support@david.html]
[reactheme.com/products/wordpress/finbiz/wp-content/cache/autoptimize/css/autoptimize_single_55df534f8f9c1970d719e3e94c62efab.css]
[reactheme.com/products/wordpress/finbiz/index227a.html]
[reactheme.com/products/wordpress/finbiz/blog/page/2/index.html]
[reactheme.com/products/wordpress/finbiz/wp-json/wp/v2/tags/10.json]
[reactheme.com/products/wordpress/finbiz/tag/business/index.html]
[reactheme.com/products/wordpress/finbiz/tag/business/feed/index.html]
[reactheme.com/products/wordpress/finbiz/wp-json/wp/v2/tags/12.json]
[reactheme.com/products/wordpress/finbiz/tag/finance/index.html]
[reactheme.com/products/wordpress/finbiz/tag/finance/feed/index.html]
[reactheme.com/products/wordpress/finbiz/tag/growth/feed/index.html]
[reactheme.com/products/wordpress/finbiz/wp-json/wp/v2/tags/11.json]
[reactheme.com/products/wordpress/finbiz/tag/growth/index.html]
[reactheme.com/products/wordpress/finbiz/tag/internet/feed/index.html]
[reactheme.com/products/wordpress/finbiz/wp-json/wp/v2/tags/17.json]
[reactheme.com/products/wordpress/finbiz/tag/internet/index.html]
[reactheme.com/products/wordpress/finbiz/tag/marketing/feed/index.html]
[reactheme.com/products/wordpress/finbiz/wp-json/wp/v2/tags/16.json]
[reactheme.com/products/wordpress/finbiz/tag/marketing/index.html]
[reactheme.com/products/wordpress/finbiz/wp-json/wp/v2/tags/9.json]
[reactheme.com/products/wordpress/finbiz/tag/service/index.html]
[reactheme.com/products/wordpress/finbiz/tag/service/feed/index.html]
[reactheme.com/products/wordpress/finbiz/wp-json/wp/v2/tags/13.json]
[reactheme.com/products/wordpress/finbiz/tag/solution/index.html]
[reactheme.com/products/wordpress/finbiz/tag/solution/feed/index.html]
[reactheme.com/products/wordpress/finbiz/wp-json/wp/v2/tags/15.json]
[reactheme.com/products/wordpress/finbiz/tag/speed/index.html]
[reactheme.com/products/wordpress/finbiz/tag/speed/feed/index.html]
[reactheme.com/products/wordpress/finbiz/wp-json/wp/v2/tags/14.json]
[reactheme.com/products/wordpress/finbiz/tag/ui-ux/index.html]
[reactheme.com/products/wordpress/finbiz/wp-content/cache/autoptimize/css/autoptimize_single_38f41460fc59bf6caf0c5311f003bffb.css]
[reactheme.com/products/wordpress/finbiz/indexcb88.html]
[reactheme.com/products/wordpress/finbiz/tag/ui-ux/feed/index.html]
[reactheme.com/products/wordpress/finbiz/wp-json/wp/v2/posts/6946.json]
[reactheme.com/products/wordpress/finbiz/profitable-business-makes-your-profit-5-2/feed/index.html]
[reactheme.com/products/wordpress/finbiz/wp-json/oembed/1.0/embeded2c.json]
[reactheme.com/products/wordpress/finbiz/indexd8f4.html]
[reactheme.com/products/wordpress/finbiz/wp-json/oembed/1.0/embed2917]
[reactheme.com/products/wordpress/finbiz/wp-content/uploads/2022/10/03.jpg]
[reactheme.com/products/wordpress/finbiz/profitable-business-makes-your-profit-5-2/index.html]
[reactheme.com/products/wordpress/finbiz/index71f3.html]
[reactheme.com/products/wordpress/finbiz/xmlrpc.php]
[reactheme.com/products/wordpress/finbiz/wp-content/cache/autoptimize/css/autoptimize_single_77609411283916422042c7ec647eef48.css]
[reactheme.com/products/wordpress/finbiz/index4837.html]
[reactheme.com/products/wordpress/finbiz/rt-portfolio-category/business-growth/page/2/index.html]
[reactheme.com/products/wordpress/finbiz/wp-content/cache/autoptimize/css/autoptimize_single_b6a105f1543827b32c829ea6ca28bfb9.css]
[reactheme.com/products/wordpress/finbiz/index8fe5.html]
[reactheme.com/products/wordpress/finbiz/wp-content/cache/autoptimize/css/autoptimize_single_eddc02af41f10832b2ad19b4ac9c3dd4.css]
[reactheme.com/products/wordpress/finbiz/indexeda8.html]
[reactheme.com/products/wordpress/finbiz/wp-content/cache/autoptimize/css/autoptimize_single_505408fa11e2cc90604534ea5a25b8eb.css]
[reactheme.com/products/wordpress/finbiz/indexdca8.html]
[reactheme.com/products/wordpress/finbiz/wp-content/cache/autoptimize/css/autoptimize_single_68485f8ec9ac83a1a862c8134042e785.css]
[reactheme.com/products/wordpress/finbiz/index6028.html]
[reactheme.com/products/wordpress/finbiz/index164e.html]
[reactheme.com/products/wordpress/finbiz/index8d07.html]
[reactheme.com/products/wordpress/finbiz/indexd944.html]
[reactheme.com/products/wordpress/finbiz/index6917.html]
[reactheme.com/products/wordpress/finbiz/wp-content/cache/autoptimize/css/autoptimize_single_54cf7a453af6faa83f98a20fee1bf8ef.css]
[reactheme.com/products/wordpress/finbiz/index8615.html]
[reactheme.com/products/wordpress/finbiz/wp-content/cache/autoptimize/css/autoptimize_single_5a03305f11a8dcc13bebfa738f5c1b96.css]
[reactheme.com/products/wordpress/finbiz/index9b0e.html]
[reactheme.com/products/wordpress/finbiz/wp-content/cache/autoptimize/css/autoptimize_single_100b51bcd639dafc69e53bcbb1aea98d.css]
[reactheme.com/products/wordpress/finbiz/indexe382.html]
[reactheme.com/products/wordpress/finbiz/wp-content/uploads/2022/10/footer-bg-shape.svg]
[reactheme.com/products/wordpress/finbiz/wp-content/cache/autoptimize/css/autoptimize_single_816a3b0f4e576f403d4d71f5d18555d4.css]
[reactheme.com/products/wordpress/finbiz/index799a.html]
[reactheme.com/products/wordpress/finbiz/wp-content/cache/autoptimize/css/autoptimize_single_2acc513d1b6743a1faf24186b9c1890a.css]
[reactheme.com/products/wordpress/finbiz/indexd81c.html]
[reactheme.com/products/wordpress/finbiz/wp-content/cache/autoptimize/css/autoptimize_single_336a21276c1117152c1749000aff3ec6.css]
[reactheme.com/products/wordpress/finbiz/index674c.html]
[reactheme.com/products/wordpress/finbiz/wp-content/cache/autoptimize/css/autoptimize_single_3cae19c879f3f2ecf016dc680954314b.css]
[reactheme.com/products/wordpress/finbiz/index7221.html]
[reactheme.com/products/wordpress/finbiz/wp-content/cache/autoptimize/css/autoptimize_single_884421c9130d3aa6f4a2c848a76a77d2.css]
[reactheme.com/products/wordpress/finbiz/indexd6db.html]
[reactheme.com/products/wordpress/finbiz/wp-content/cache/autoptimize/css/autoptimize_single_7747024c1d01e66c10c8071e2f562a6a.css]
[reactheme.com/products/wordpress/finbiz/index68a1.html]
[reactheme.com/products/wordpress/finbiz/wp-content/uploads/2022/10/bg-1.svg]
[reactheme.com/products/wordpress/finbiz/wp-content/uploads/2022/10/team-bg.html]
[reactheme.com/products/wordpress/finbiz/wp-content/cache/autoptimize/css/autoptimize_single_1b425b2f9a47a72344caddbd17e56616.css]
[reactheme.com/products/wordpress/finbiz/index1a80.html]
[reactheme.com/products/wordpress/finbiz/wp-content/cache/autoptimize/css/autoptimize_single_5afc488a895d20543d0f963db1b6f2bf.css]
[reactheme.com/products/wordpress/finbiz/index5d84.html]
[reactheme.com/products/wordpress/finbiz/wp-content/cache/autoptimize/css/autoptimize_single_953f0d2395617d7d61f89252b3d78bf4.css]
[reactheme.com/products/wordpress/finbiz/index389b.html]
[reactheme.com/products/wordpress/finbiz/wp-content/cache/autoptimize/css/autoptimize_single_a47196c4d2399ce9b13a8cf96cc440cd.css]
[reactheme.com/products/wordpress/finbiz/index974f.html]
[reactheme.com/products/wordpress/finbiz/wp-content/cache/autoptimize/css/autoptimize_single_e537d56e9a0d36fe7945e6ec40c3e4a0.css]
[reactheme.com/products/wordpress/finbiz/index094a.html]
[reactheme.com/products/wordpress/finbiz/wp-content/cache/autoptimize/css/autoptimize_single_e0733f100e790f4fc1dc3fe53fa21fa9.css]
[reactheme.com/products/wordpress/finbiz/index24d6.html]
[reactheme.com/products/wordpress/finbiz/wp-content/cache/autoptimize/css/autoptimize_single_d488f691e7631fb05437dbd87dacfbb0.css]
[reactheme.com/products/wordpress/finbiz/index8b53.html]
[reactheme.com/products/wordpress/finbiz/indexd8f4.html]
[192.168.0.235/finbiz/wp-content/uploads/2022/10/01-2.jpg]
[192.168.0.235/finbiz/wp-content/uploads/2022/10/02.jpg]
